FILE SYSTEM INFORMATION
--------------------------------------------
File System Type: Ext4
Volume Name: 
Volume ID: 3795c44ecb72b29e534025dec6c11baa

Last Written at: 2026-04-19 15:23:08 (UTC)
Last Checked at: 2025-05-12 23:07:46 (UTC)

Last Mounted at: 2026-04-19 15:23:08 (UTC)
Unmounted properly
Last mounted on: /sysroot

Source OS: Linux
Dynamic Structure
Compat Features: Journal, Ext Attributes, Resize Inode, Dir Index
InCompat Features: Filetype, Extents, 64bit, Flexible Block Groups, 
Read Only Compat Features: Sparse Super, Large File, Huge File, Extra Inode Size

Journal ID: 00
Journal Inode: 8

METADATA INFORMATION
--------------------------------------------
Inode Range: 1 - 60465153
Root Directory: 2
Free Inodes: 59694972
Inode Size: 256

CONTENT INFORMATION
--------------------------------------------
Block Groups Per Flex Group: 16
Block Range: 0 - 241830911
Block Size: 4096
Free Blocks: 213306554

BLOCK GROUP INFORMATION
--------------------------------------------
Number of Block Groups: 7381
Inodes per group: 8192
Blocks per group: 32768

Group: 0:
  Block Group Flags: [INODE_ZEROED, ]
  Inode Range: 1 - 8192
  Block Range: 0 - 32767
  Layout:
    Super Block: 0 - 0
    Group Descriptor Table: 1 - 116
    Group Descriptor Growth Blocks: 117 - 1140
    Data bitmap: 1141 - 1141
    Inode bitmap: 1157 - 1157
    Inode Table: 1173 - 1684
    Data Blocks: 9365 - 32767
  Free Inodes: 8175 (99%)
  Free Blocks: 15171 (46%)
  Total Directories: 2
  Stored Checksum: 0x6F8A

Group: 1:
  Block Group Flags: [INODE_ZEROED, ]
  Inode Range: 8193 - 16384
  Block Range: 32768 - 65535
  Layout:
    Super Block: 32768 - 32768
    Group Descriptor Table: 32769 - 32884
    Group Descriptor Growth Blocks: 32885 - 33908
    Data bitmap: 1142 - 1142
    Inode bitmap: 1158 - 1158
    Inode Table: 1685 - 2196
    Data Blocks: 33909 - 65535
  Free Inodes: 8192 (100%)
  Free Blocks: 12496 (38%)
  Total Directories: 0
  Stored Checksum: 0x0B54

Group: 2:
  Block Group Flags: [INODE_ZEROED, ]
  Inode Range: 16385 - 24576
  Block Range: 65536 - 98303
  Layout:
    Data bitmap: 1143 - 1143
    Inode bitmap: 1159 - 1159
    Inode Table: 2197 - 2708
    Data Blocks: 65536 - 98303
  Free Inodes: 8192 (100%)
  Free Blocks: 30412 (92%)
  Total Directories: 0
  Stored Checksum: 0x2326

Group: 3:
  Block Group Flags: [INODE_UNINIT, INODE_ZEROED, ]
  Inode Range: 24577 - 32768
  Block Range: 98304 - 131071
  Layout:
    Super Block: 98304 - 98304
    Group Descriptor Table: 98305 - 98420
    Group Descriptor Growth Blocks: 98421 - 99444
    Data bitmap: 1144 - 1144
    Inode bitmap: 1160 - 1160
    Inode Table: 2709 - 3220
    Data Blocks: 99445 - 131071
  Free Inodes: 8192 (100%)
  Free Blocks: 18699 (57%)
  Total Directories: 0
  Stored Checksum: 0x08B8

Group: 4:
  Block Group Flags: [INODE_UNINIT, INODE_ZEROED, ]
  Inode Range: 32769 - 40960
  Block Range: 131072 - 163839
  Layout:
    Data bitmap: 1145 - 1145
    Inode bitmap: 1161 - 1161
    Inode Table: 3221 - 3732
    Data Blocks: 131072 - 163839
  Free Inodes: 8192 (100%)
  Free Blocks: 0 (0%)
  Total Directories: 0
  Stored Checksum: 0x68EC

Group: 5:
  Block Group Flags: [INODE_UNINIT, INODE_ZEROED, ]
  Inode Range: 40961 - 49152
  Block Range: 163840 - 196607
  Layout:
    Super Block: 163840 - 163840
    Group Descriptor Table: 163841 - 163956
    Group Descriptor Growth Blocks: 163957 - 164980
    Data bitmap: 1146 - 1146
    Inode bitmap: 1162 - 1162
    Inode Table: 3733 - 4244
    Data Blocks: 164981 - 196607
  Free Inodes: 8192 (100%)
  Free Blocks: 958 (2%)
  Total Directories: 0
  Stored Checksum: 0x42D9

Group: 6:
  Block Group Flags: [INODE_UNINIT, INODE_ZEROED, ]
  Inode Range: 49153 - 57344
  Block Range: 196608 - 229375
  Layout:
    Data bitmap: 1147 - 1147
    Inode bitmap: 1163 - 1163
    Inode Table: 4245 - 4756
    Data Blocks: 196608 - 229375
  Free Inodes: 8192 (100%)
  Free Blocks: 28426 (86%)
  Total Directories: 0
  Stored Checksum: 0x73AA

Group: 7:
  Block Group Flags: [INODE_UNINIT, INODE_ZEROED, ]
  Inode Range: 57345 - 65536
  Block Range: 229376 - 262143
  Layout:
    Super Block: 229376 - 229376
    Group Descriptor Table: 229377 - 229492
    Group Descriptor Growth Blocks: 229493 - 230516
    Data bitmap: 1148 - 1148
    Inode bitmap: 1164 - 1164
    Inode Table: 4757 - 5268
    Data Blocks: 230517 - 262143
  Free Inodes: 8192 (100%)
  Free Blocks: 22704 (69%)
  Total Directories: 0
  Stored Checksum: 0x35B0

Group: 8:
  Block Group Flags: [INODE_UNINIT, INODE_ZEROED, ]
  Inode Range: 65537 - 73728
  Block Range: 262144 - 294911
  Layout:
    Data bitmap: 1149 - 1149
    Inode bitmap: 1165 - 1165
    Inode Table: 5269 - 5780
    Data Blocks: 262144 - 294911
  Free Inodes: 8192 (100%)
  Free Blocks: 0 (0%)
  Total Directories: 0
  Stored Checksum: 0xFB07

Group: 9:
  Block Group Flags: [INODE_UNINIT, INODE_ZEROED, ]
  Inode Range: 73729 - 81920
  Block Range: 294912 - 327679
  Layout:
    Super Block: 294912 - 294912
    Group Descriptor Table: 294913 - 295028
    Group Descriptor Growth Blocks: 295029 - 296052
    Data bitmap: 1150 - 1150
    Inode bitmap: 1166 - 1166
    Inode Table: 5781 - 6292
    Data Blocks: 296053 - 327679
  Free Inodes: 8192 (100%)
  Free Blocks: 1305 (3%)
  Total Directories: 0
  Stored Checksum: 0xF95E

Group: 10:
  Block Group Flags: [INODE_UNINIT, INODE_ZEROED, ]
  Inode Range: 81921 - 90112
  Block Range: 327680 - 360447
  Layout:
    Data bitmap: 1151 - 1151
    Inode bitmap: 1167 - 1167
    Inode Table: 6293 - 6804
    Data Blocks: 327680 - 360447
  Free Inodes: 8192 (100%)
  Free Blocks: 23840 (72%)
  Total Directories: 0
  Stored Checksum: 0xE2FC

Group: 11:
  Block Group Flags: [INODE_UNINIT, INODE_ZEROED, ]
  Inode Range: 90113 - 98304
  Block Range: 360448 - 393215
  Layout:
    Data bitmap: 1152 - 1152
    Inode bitmap: 1168 - 1168
    Inode Table: 6805 - 7316
    Data Blocks: 360448 - 393215
  Free Inodes: 8192 (100%)
  Free Blocks: 26566 (81%)
  Total Directories: 0
  Stored Checksum: 0x8944

Group: 12:
  Block Group Flags: [INODE_UNINIT, INODE_ZEROED, ]
  Inode Range: 98305 - 106496
  Block Range: 393216 - 425983
  Layout:
    Data bitmap: 1153 - 1153
    Inode bitmap: 1169 - 1169
    Inode Table: 7317 - 7828
    Data Blocks: 393216 - 425983
  Free Inodes: 8192 (100%)
  Free Blocks: 288 (0%)
  Total Directories: 0
  Stored Checksum: 0x6A25

Group: 13:
  Block Group Flags: [INODE_UNINIT, INODE_ZEROED, ]
  Inode Range: 106497 - 114688
  Block Range: 425984 - 458751
  Layout:
    Data bitmap: 1154 - 1154
    Inode bitmap: 1170 - 1170
    Inode Table: 7829 - 8340
    Data Blocks: 425984 - 458751
  Free Inodes: 8192 (100%)
  Free Blocks: 373 (1%)
  Total Directories: 0
  Stored Checksum: 0x777E

Group: 14:
  Block Group Flags: [INODE_UNINIT, INODE_ZEROED, ]
  Inode Range: 114689 - 122880
  Block Range: 458752 - 491519
  Layout:
    Data bitmap: 1155 - 1155
    Inode bitmap: 1171 - 1171
    Inode Table: 8341 - 8852
    Data Blocks: 458752 - 491519
  Free Inodes: 8192 (100%)
  Free Blocks: 1716 (5%)
  Total Directories: 0
  Stored Checksum: 0xD69B

Group: 15:
  Block Group Flags: [INODE_UNINIT, INODE_ZEROED, ]
  Inode Range: 122881 - 131072
  Block Range: 491520 - 524287
  Layout:
    Data bitmap: 1156 - 1156
    Inode bitmap: 1172 - 1172
    Inode Table: 8853 - 9364
    Data Blocks: 491520 - 524287
  Free Inodes: 8192 (100%)
  Free Blocks: 326 (0%)
  Total Directories: 0
  Stored Checksum: 0x1F86

Group: 16:
  Block Group Flags: [INODE_ZEROED, ]
  Inode Range: 131073 - 139264
  Block Range: 524288 - 557055
  Layout:
    Data bitmap: 524288 - 524288
    Inode bitmap: 524304 - 524304
    Inode Table: 524320 - 524831
    Data Blocks: 532512 - 557055
  Free Inodes: 8192 (100%)
  Free Blocks: 22843 (69%)
  Total Directories: 0
  Stored Checksum: 0x3BAA

Group: 17:
  Block Group Flags: [INODE_ZEROED, ]
  Inode Range: 139265 - 147456
  Block Range: 557056 - 589823
  Layout:
    Data bitmap: 524289 - 524289
    Inode bitmap: 524305 - 524305
    Inode Table: 524832 - 525343
    Data Blocks: 557056 - 589823
  Free Inodes: 8192 (100%)
  Free Blocks: 2389 (7%)
  Total Directories: 0
  Stored Checksum: 0x9311

Group: 18:
  Block Group Flags: [INODE_ZEROED, ]
  Inode Range: 147457 - 155648
  Block Range: 589824 - 622591
  Layout:
    Data bitmap: 524290 - 524290
    Inode bitmap: 524306 - 524306
    Inode Table: 525344 - 525855
    Data Blocks: 589824 - 622591
  Free Inodes: 8192 (100%)
  Free Blocks: 2079 (6%)
  Total Directories: 0
  Stored Checksum: 0x7B4F

Group: 19:
  Block Group Flags: [INODE_UNINIT, INODE_ZEROED, ]
  Inode Range: 155649 - 163840
  Block Range: 622592 - 655359
  Layout:
    Data bitmap: 524291 - 524291
    Inode bitmap: 524307 - 524307
    Inode Table: 525856 - 526367
    Data Blocks: 622592 - 655359
  Free Inodes: 8192 (100%)
  Free Blocks: 13272 (40%)
  Total Directories: 0
  Stored Checksum: 0x5ED6

Group: 20:
  Block Group Flags: [INODE_UNINIT, INODE_ZEROED, ]
  Inode Range: 163841 - 172032
  Block Range: 655360 - 688127
  Layout:
    Data bitmap: 524292 - 524292
    Inode bitmap: 524308 - 524308
    Inode Table: 526368 - 526879
    Data Blocks: 655360 - 688127
  Free Inodes: 8192 (100%)
  Free Blocks: 19329 (58%)
  Total Directories: 0
  Stored Checksum: 0x3C1E

Group: 21:
  Block Group Flags: [INODE_UNINIT, INODE_ZEROED, ]
  Inode Range: 172033 - 180224
  Block Range: 688128 - 720895
  Layout:
    Data bitmap: 524293 - 524293
    Inode bitmap: 524309 - 524309
    Inode Table: 526880 - 527391
    Data Blocks: 688128 - 720895
  Free Inodes: 8192 (100%)
  Free Blocks: 31846 (97%)
  Total Directories: 0
  Stored Checksum: 0x48AB

Group: 22:
  Block Group Flags: [INODE_UNINIT, INODE_ZEROED, ]
  Inode Range: 180225 - 188416
  Block Range: 720896 - 753663
  Layout:
    Data bitmap: 524294 - 524294
    Inode bitmap: 524310 - 524310
    Inode Table: 527392 - 527903
    Data Blocks: 720896 - 753663
  Free Inodes: 8192 (100%)
  Free Blocks: 31632 (96%)
  Total Directories: 0
  Stored Checksum: 0x00D5

Group: 23:
  Block Group Flags: [INODE_UNINIT, INODE_ZEROED, ]
  Inode Range: 188417 - 196608
  Block Range: 753664 - 786431
  Layout:
    Data bitmap: 524295 - 524295
    Inode bitmap: 524311 - 524311
    Inode Table: 527904 - 528415
    Data Blocks: 753664 - 786431
  Free Inodes: 8192 (100%)
  Free Blocks: 32072 (97%)
  Total Directories: 0
  Stored Checksum: 0xEC6E

Group: 24:
  Block Group Flags: [INODE_UNINIT, INODE_ZEROED, ]
  Inode Range: 196609 - 204800
  Block Range: 786432 - 819199
  Layout:
    Data bitmap: 524296 - 524296
    Inode bitmap: 524312 - 524312
    Inode Table: 528416 - 528927
    Data Blocks: 786432 - 819199
  Free Inodes: 8192 (100%)
  Free Blocks: 20408 (62%)
  Total Directories: 0
  Stored Checksum: 0xF54A

Group: 25:
  Block Group Flags: [INODE_UNINIT, INODE_ZEROED, ]
  Inode Range: 204801 - 212992
  Block Range: 819200 - 851967
  Layout:
    Super Block: 819200 - 819200
    Group Descriptor Table: 819201 - 819316
    Group Descriptor Growth Blocks: 819317 - 820340
    Data bitmap: 524297 - 524297
    Inode bitmap: 524313 - 524313
    Inode Table: 528928 - 529439
    Data Blocks: 820341 - 851967
  Free Inodes: 8192 (100%)
  Free Blocks: 31465 (96%)
  Total Directories: 0
  Stored Checksum: 0xB001

Group: 26:
  Block Group Flags: [INODE_UNINIT, INODE_ZEROED, ]
  Inode Range: 212993 - 221184
  Block Range: 851968 - 884735
  Layout:
    Data bitmap: 524298 - 524298
    Inode bitmap: 524314 - 524314
    Inode Table: 529440 - 529951
    Data Blocks: 851968 - 884735
  Free Inodes: 8192 (100%)
  Free Blocks: 30748 (93%)
  Total Directories: 0
  Stored Checksum: 0x2FDF

Group: 27:
  Block Group Flags: [INODE_UNINIT, INODE_ZEROED, ]
  Inode Range: 221185 - 229376
  Block Range: 884736 - 917503
  Layout:
    Super Block: 884736 - 884736
    Group Descriptor Table: 884737 - 884852
    Group Descriptor Growth Blocks: 884853 - 885876
    Data bitmap: 524299 - 524299
    Inode bitmap: 524315 - 524315
    Inode Table: 529952 - 530463
    Data Blocks: 885877 - 917503
  Free Inodes: 8192 (100%)
  Free Blocks: 24932 (76%)
  Total Directories: 0
  Stored Checksum: 0x4C1C

Group: 28:
  Block Group Flags: [INODE_UNINIT, INODE_ZEROED, ]
  Inode Range: 229377 - 237568
  Block Range: 917504 - 950271
  Layout:
    Data bitmap: 524300 - 524300
    Inode bitmap: 524316 - 524316
    Inode Table: 530464 - 530975
    Data Blocks: 917504 - 950271
  Free Inodes: 8192 (100%)
  Free Blocks: 10169 (31%)
  Total Directories: 0
  Stored Checksum: 0x981E

Group: 29:
  Block Group Flags: [INODE_UNINIT, INODE_ZEROED, ]
  Inode Range: 237569 - 245760
  Block Range: 950272 - 983039
  Layout:
    Data bitmap: 524301 - 524301
    Inode bitmap: 524317 - 524317
    Inode Table: 530976 - 531487
    Data Blocks: 950272 - 983039
  Free Inodes: 8192 (100%)
  Free Blocks: 23765 (72%)
  Total Directories: 0
  Stored Checksum: 0x8785

Group: 30:
  Block Group Flags: [INODE_UNINIT, INODE_ZEROED, ]
  Inode Range: 245761 - 253952
  Block Range: 983040 - 1015807
  Layout:
    Data bitmap: 524302 - 524302
    Inode bitmap: 524318 - 524318
    Inode Table: 531488 - 531999
    Data Blocks: 983040 - 1015807
  Free Inodes: 8192 (100%)
  Free Blocks: 30658 (93%)
  Total Directories: 0
  Stored Checksum: 0x209E

Group: 31:
  Block Group Flags: [INODE_UNINIT, INODE_ZEROED, ]
  Inode Range: 253953 - 262144
  Block Range: 1015808 - 1048575
  Layout:
    Data bitmap: 524303 - 524303
    Inode bitmap: 524319 - 524319
    Inode Table: 532000 - 532511
    Data Blocks: 1015808 - 1048575
  Free Inodes: 8192 (100%)
  Free Blocks: 10220 (31%)
  Total Directories: 0
  Stored Checksum: 0xBD5D

Group: 32:
  Block Group Flags: [INODE_ZEROED, ]
  Inode Range: 262145 - 270336
  Block Range: 1048576 - 1081343
  Layout:
    Data bitmap: 1048576 - 1048576
    Inode bitmap: 1048592 - 1048592
    Inode Table: 1048608 - 1049119
    Data Blocks: 1056800 - 1081343
  Free Inodes: 4829 (58%)
  Free Blocks: 22565 (68%)
  Total Directories: 858
  Stored Checksum: 0xB1CB

Group: 33:
  Block Group Flags: [INODE_ZEROED, ]
  Inode Range: 270337 - 278528
  Block Range: 1081344 - 1114111
  Layout:
    Data bitmap: 1048577 - 1048577
    Inode bitmap: 1048593 - 1048593
    Inode Table: 1049120 - 1049631
    Data Blocks: 1081344 - 1114111
  Free Inodes: 413 (5%)
  Free Blocks: 20478 (62%)
  Total Directories: 2017
  Stored Checksum: 0x2CAE

Group: 34:
  Block Group Flags: [INODE_ZEROED, ]
  Inode Range: 278529 - 286720
  Block Range: 1114112 - 1146879
  Layout:
    Data bitmap: 1048578 - 1048578
    Inode bitmap: 1048594 - 1048594
    Inode Table: 1049632 - 1050143
    Data Blocks: 1114112 - 1146879
  Free Inodes: 5670 (69%)
  Free Blocks: 24785 (75%)
  Total Directories: 530
  Stored Checksum: 0xE703

Group: 35:
  Block Group Flags: [INODE_ZEROED, ]
  Inode Range: 286721 - 294912
  Block Range: 1146880 - 1179647
  Layout:
    Data bitmap: 1048579 - 1048579
    Inode bitmap: 1048595 - 1048595
    Inode Table: 1050144 - 1050655
    Data Blocks: 1146880 - 1179647
  Free Inodes: 3518 (42%)
  Free Blocks: 28316 (86%)
  Total Directories: 790
  Stored Checksum: 0x1606

Group: 36:
  Block Group Flags: [INODE_ZEROED, ]
  Inode Range: 294913 - 303104
  Block Range: 1179648 - 1212415
  Layout:
    Data bitmap: 1048580 - 1048580
    Inode bitmap: 1048596 - 1048596
    Inode Table: 1050656 - 1051167
    Data Blocks: 1179648 - 1212415
  Free Inodes: 8187 (99%)
  Free Blocks: 18936 (57%)
  Total Directories: 0
  Stored Checksum: 0xDCDF

Group: 37:
  Block Group Flags: [INODE_ZEROED, ]
  Inode Range: 303105 - 311296
  Block Range: 1212416 - 1245183
  Layout:
    Data bitmap: 1048581 - 1048581
    Inode bitmap: 1048597 - 1048597
    Inode Table: 1051168 - 1051679
    Data Blocks: 1212416 - 1245183
  Free Inodes: 8191 (99%)
  Free Blocks: 20408 (62%)
  Total Directories: 0
  Stored Checksum: 0x752C

Group: 38:
  Block Group Flags: [INODE_UNINIT, INODE_ZEROED, ]
  Inode Range: 311297 - 319488
  Block Range: 1245184 - 1277951
  Layout:
    Data bitmap: 1048582 - 1048582
    Inode bitmap: 1048598 - 1048598
    Inode Table: 1051680 - 1052191
    Data Blocks: 1245184 - 1277951
  Free Inodes: 8192 (100%)
  Free Blocks: 30469 (92%)
  Total Directories: 0
  Stored Checksum: 0xBCF6

Group: 39:
  Block Group Flags: [INODE_UNINIT, INODE_ZEROED, ]
  Inode Range: 319489 - 327680
  Block Range: 1277952 - 1310719
  Layout:
    Data bitmap: 1048583 - 1048583
    Inode bitmap: 1048599 - 1048599
    Inode Table: 1052192 - 1052703
    Data Blocks: 1277952 - 1310719
  Free Inodes: 8192 (100%)
  Free Blocks: 27003 (82%)
  Total Directories: 0
  Stored Checksum: 0x5DD8

Group: 40:
  Block Group Flags: [INODE_UNINIT, INODE_ZEROED, ]
  Inode Range: 327681 - 335872
  Block Range: 1310720 - 1343487
  Layout:
    Data bitmap: 1048584 - 1048584
    Inode bitmap: 1048600 - 1048600
    Inode Table: 1052704 - 1053215
    Data Blocks: 1310720 - 1343487
  Free Inodes: 8192 (100%)
  Free Blocks: 32768 (100%)
  Total Directories: 0
  Stored Checksum: 0x4548

Group: 41:
  Block Group Flags: [INODE_UNINIT, INODE_ZEROED, ]
  Inode Range: 335873 - 344064
  Block Range: 1343488 - 1376255
  Layout:
    Data bitmap: 1048585 - 1048585
    Inode bitmap: 1048601 - 1048601
    Inode Table: 1053216 - 1053727
    Data Blocks: 1343488 - 1376255
  Free Inodes: 8192 (100%)
  Free Blocks: 30504 (93%)
  Total Directories: 0
  Stored Checksum: 0xBA92

Group: 42:
  Block Group Flags: [INODE_UNINIT, INODE_ZEROED, ]
  Inode Range: 344065 - 352256
  Block Range: 1376256 - 1409023
  Layout:
    Data bitmap: 1048586 - 1048586
    Inode bitmap: 1048602 - 1048602
    Inode Table: 1053728 - 1054239
    Data Blocks: 1376256 - 1409023
  Free Inodes: 8192 (100%)
  Free Blocks: 24442 (74%)
  Total Directories: 0
  Stored Checksum: 0xE2DE

Group: 43:
  Block Group Flags: [INODE_UNINIT, INODE_ZEROED, ]
  Inode Range: 352257 - 360448
  Block Range: 1409024 - 1441791
  Layout:
    Data bitmap: 1048587 - 1048587
    Inode bitmap: 1048603 - 1048603
    Inode Table: 1054240 - 1054751
    Data Blocks: 1409024 - 1441791
  Free Inodes: 8192 (100%)
  Free Blocks: 32632 (99%)
  Total Directories: 0
  Stored Checksum: 0x15A0

Group: 44:
  Block Group Flags: [INODE_UNINIT, INODE_ZEROED, ]
  Inode Range: 360449 - 368640
  Block Range: 1441792 - 1474559
  Layout:
    Data bitmap: 1048588 - 1048588
    Inode bitmap: 1048604 - 1048604
    Inode Table: 1054752 - 1055263
    Data Blocks: 1441792 - 1474559
  Free Inodes: 8192 (100%)
  Free Blocks: 28077 (85%)
  Total Directories: 0
  Stored Checksum: 0xEBDD

Group: 45:
  Block Group Flags: [INODE_UNINIT, INODE_ZEROED, ]
  Inode Range: 368641 - 376832
  Block Range: 1474560 - 1507327
  Layout:
    Data bitmap: 1048589 - 1048589
    Inode bitmap: 1048605 - 1048605
    Inode Table: 1055264 - 1055775
    Data Blocks: 1474560 - 1507327
  Free Inodes: 8192 (100%)
  Free Blocks: 32768 (100%)
  Total Directories: 0
  Stored Checksum: 0xCE2D

Group: 46:
  Block Group Flags: [INODE_UNINIT, INODE_ZEROED, ]
  Inode Range: 376833 - 385024
  Block Range: 1507328 - 1540095
  Layout:
    Data bitmap: 1048590 - 1048590
    Inode bitmap: 1048606 - 1048606
    Inode Table: 1055776 - 1056287
    Data Blocks: 1507328 - 1540095
  Free Inodes: 8192 (100%)
  Free Blocks: 20250 (61%)
  Total Directories: 0
  Stored Checksum: 0xB465

Group: 47:
  Block Group Flags: [INODE_UNINIT, INODE_ZEROED, ]
  Inode Range: 385025 - 393216
  Block Range: 1540096 - 1572863
  Layout:
    Data bitmap: 1048591 - 1048591
    Inode bitmap: 1048607 - 1048607
    Inode Table: 1056288 - 1056799
    Data Blocks: 1540096 - 1572863
  Free Inodes: 8192 (100%)
  Free Blocks: 25273 (77%)
  Total Directories: 0
  Stored Checksum: 0xED01

Group: 48:
  Block Group Flags: [INODE_ZEROED, ]
  Inode Range: 393217 - 401408
  Block Range: 1572864 - 1605631
  Layout:
    Data bitmap: 1572864 - 1572864
    Inode bitmap: 1572880 - 1572880
    Inode Table: 1572896 - 1573407
    Data Blocks: 1581088 - 1605631
  Free Inodes: 7560 (92%)
  Free Blocks: 19019 (58%)
  Total Directories: 93
  Stored Checksum: 0x9F22

Group: 49:
  Block Group Flags: [INODE_ZEROED, ]
  Inode Range: 401409 - 409600
  Block Range: 1605632 - 1638399
  Layout:
    Super Block: 1605632 - 1605632
    Group Descriptor Table: 1605633 - 1605748
    Group Descriptor Growth Blocks: 1605749 - 1606772
    Data bitmap: 1572865 - 1572865
    Inode bitmap: 1572881 - 1572881
    Inode Table: 1573408 - 1573919
    Data Blocks: 1606773 - 1638399
  Free Inodes: 62 (0%)
  Free Blocks: 29292 (89%)
  Total Directories: 2135
  Stored Checksum: 0x3282

Group: 50:
  Block Group Flags: [INODE_ZEROED, ]
  Inode Range: 409601 - 417792
  Block Range: 1638400 - 1671167
  Layout:
    Data bitmap: 1572866 - 1572866
    Inode bitmap: 1572882 - 1572882
    Inode Table: 1573920 - 1574431
    Data Blocks: 1638400 - 1671167
  Free Inodes: 820 (10%)
  Free Blocks: 32768 (100%)
  Total Directories: 1568
  Stored Checksum: 0x0988

Group: 51:
  Block Group Flags: [INODE_ZEROED, ]
  Inode Range: 417793 - 425984
  Block Range: 1671168 - 1703935
  Layout:
    Data bitmap: 1572867 - 1572867
    Inode bitmap: 1572883 - 1572883
    Inode Table: 1574432 - 1574943
    Data Blocks: 1671168 - 1703935
  Free Inodes: 747 (9%)
  Free Blocks: 25510 (77%)
  Total Directories: 2026
  Stored Checksum: 0xB654

Group: 52:
  Block Group Flags: [INODE_ZEROED, ]
  Inode Range: 425985 - 434176
  Block Range: 1703936 - 1736703
  Layout:
    Data bitmap: 1572868 - 1572868
    Inode bitmap: 1572884 - 1572884
    Inode Table: 1574944 - 1575455
    Data Blocks: 1703936 - 1736703
  Free Inodes: 4023 (49%)
  Free Blocks: 32688 (99%)
  Total Directories: 414
  Stored Checksum: 0x580D

Group: 53:
  Block Group Flags: [INODE_UNINIT, INODE_ZEROED, ]
  Inode Range: 434177 - 442368
  Block Range: 1736704 - 1769471
  Layout:
    Data bitmap: 1572869 - 1572869
    Inode bitmap: 1572885 - 1572885
    Inode Table: 1575456 - 1575967
    Data Blocks: 1736704 - 1769471
  Free Inodes: 8192 (100%)
  Free Blocks: 23181 (70%)
  Total Directories: 0
  Stored Checksum: 0x973E

Group: 54:
  Block Group Flags: [INODE_UNINIT, INODE_ZEROED, ]
  Inode Range: 442369 - 450560
  Block Range: 1769472 - 1802239
  Layout:
    Data bitmap: 1572870 - 1572870
    Inode bitmap: 1572886 - 1572886
    Inode Table: 1575968 - 1576479
    Data Blocks: 1769472 - 1802239
  Free Inodes: 8192 (100%)
  Free Blocks: 29578 (90%)
  Total Directories: 0
  Stored Checksum: 0x1E13

Group: 55:
  Block Group Flags: [INODE_UNINIT, INODE_ZEROED, ]
  Inode Range: 450561 - 458752
  Block Range: 1802240 - 1835007
  Layout:
    Data bitmap: 1572871 - 1572871
    Inode bitmap: 1572887 - 1572887
    Inode Table: 1576480 - 1576991
    Data Blocks: 1802240 - 1835007
  Free Inodes: 8192 (100%)
  Free Blocks: 32428 (98%)
  Total Directories: 0
  Stored Checksum: 0xA18F

Group: 56:
  Block Group Flags: [INODE_UNINIT, INODE_ZEROED, ]
  Inode Range: 458753 - 466944
  Block Range: 1835008 - 1867775
  Layout:
    Data bitmap: 1572872 - 1572872
    Inode bitmap: 1572888 - 1572888
    Inode Table: 1576992 - 1577503
    Data Blocks: 1835008 - 1867775
  Free Inodes: 8192 (100%)
  Free Blocks: 23489 (71%)
  Total Directories: 0
  Stored Checksum: 0x7573

Group: 57:
  Block Group Flags: [INODE_UNINIT, INODE_ZEROED, ]
  Inode Range: 466945 - 475136
  Block Range: 1867776 - 1900543
  Layout:
    Data bitmap: 1572873 - 1572873
    Inode bitmap: 1572889 - 1572889
    Inode Table: 1577504 - 1578015
    Data Blocks: 1867776 - 1900543
  Free Inodes: 8192 (100%)
  Free Blocks: 24045 (73%)
  Total Directories: 0
  Stored Checksum: 0x8EAF

Group: 58:
  Block Group Flags: [INODE_UNINIT, INODE_ZEROED, ]
  Inode Range: 475137 - 483328
  Block Range: 1900544 - 1933311
  Layout:
    Data bitmap: 1572874 - 1572874
    Inode bitmap: 1572890 - 1572890
    Inode Table: 1578016 - 1578527
    Data Blocks: 1900544 - 1933311
  Free Inodes: 8192 (100%)
  Free Blocks: 20733 (63%)
  Total Directories: 0
  Stored Checksum: 0x67CA

Group: 59:
  Block Group Flags: [INODE_UNINIT, INODE_ZEROED, ]
  Inode Range: 483329 - 491520
  Block Range: 1933312 - 1966079
  Layout:
    Data bitmap: 1572875 - 1572875
    Inode bitmap: 1572891 - 1572891
    Inode Table: 1578528 - 1579039
    Data Blocks: 1933312 - 1966079
  Free Inodes: 8192 (100%)
  Free Blocks: 23624 (72%)
  Total Directories: 0
  Stored Checksum: 0xA1CD

Group: 60:
  Block Group Flags: [INODE_UNINIT, INODE_ZEROED, ]
  Inode Range: 491521 - 499712
  Block Range: 1966080 - 1998847
  Layout:
    Data bitmap: 1572876 - 1572876
    Inode bitmap: 1572892 - 1572892
    Inode Table: 1579040 - 1579551
    Data Blocks: 1966080 - 1998847
  Free Inodes: 8192 (100%)
  Free Blocks: 24368 (74%)
  Total Directories: 0
  Stored Checksum: 0x322D

Group: 61:
  Block Group Flags: [INODE_UNINIT, INODE_ZEROED, ]
  Inode Range: 499713 - 507904
  Block Range: 1998848 - 2031615
  Layout:
    Data bitmap: 1572877 - 1572877
    Inode bitmap: 1572893 - 1572893
    Inode Table: 1579552 - 1580063
    Data Blocks: 1998848 - 2031615
  Free Inodes: 8192 (100%)
  Free Blocks: 31854 (97%)
  Total Directories: 0
  Stored Checksum: 0xD2F2

Group: 62:
  Block Group Flags: [INODE_UNINIT, INODE_ZEROED, ]
  Inode Range: 507905 - 516096
  Block Range: 2031616 - 2064383
  Layout:
    Data bitmap: 1572878 - 1572878
    Inode bitmap: 1572894 - 1572894
    Inode Table: 1580064 - 1580575
    Data Blocks: 2031616 - 2064383
  Free Inodes: 8192 (100%)
  Free Blocks: 32461 (99%)
  Total Directories: 0
  Stored Checksum: 0xD571

Group: 63:
  Block Group Flags: [INODE_UNINIT, INODE_ZEROED, ]
  Inode Range: 516097 - 524288
  Block Range: 2064384 - 2097151
  Layout:
    Data bitmap: 1572879 - 1572879
    Inode bitmap: 1572895 - 1572895
    Inode Table: 1580576 - 1581087
    Data Blocks: 2064384 - 2097151
  Free Inodes: 8192 (100%)
  Free Blocks: 31744 (96%)
  Total Directories: 0
  Stored Checksum: 0x0F2C

Group: 64:
  Block Group Flags: [INODE_ZEROED, ]
  Inode Range: 524289 - 532480
  Block Range: 2097152 - 2129919
  Layout:
    Data bitmap: 2097152 - 2097152
    Inode bitmap: 2097168 - 2097168
    Inode Table: 2097184 - 2097695
    Data Blocks: 2105376 - 2129919
  Free Inodes: 8192 (100%)
  Free Blocks: 22059 (67%)
  Total Directories: 0
  Stored Checksum: 0x53F1

Group: 65:
  Block Group Flags: [INODE_ZEROED, ]
  Inode Range: 532481 - 540672
  Block Range: 2129920 - 2162687
  Layout:
    Data bitmap: 2097153 - 2097153
    Inode bitmap: 2097169 - 2097169
    Inode Table: 2097696 - 2098207
    Data Blocks: 2129920 - 2162687
  Free Inodes: 8192 (100%)
  Free Blocks: 32736 (99%)
  Total Directories: 0
  Stored Checksum: 0xB334

Group: 66:
  Block Group Flags: [INODE_ZEROED, ]
  Inode Range: 540673 - 548864
  Block Range: 2162688 - 2195455
  Layout:
    Data bitmap: 2097154 - 2097154
    Inode bitmap: 2097170 - 2097170
    Inode Table: 2098208 - 2098719
    Data Blocks: 2162688 - 2195455
  Free Inodes: 8192 (100%)
  Free Blocks: 31855 (97%)
  Total Directories: 0
  Stored Checksum: 0xAB99

Group: 67:
  Block Group Flags: [INODE_ZEROED, ]
  Inode Range: 548865 - 557056
  Block Range: 2195456 - 2228223
  Layout:
    Data bitmap: 2097155 - 2097155
    Inode bitmap: 2097171 - 2097171
    Inode Table: 2098720 - 2099231
    Data Blocks: 2195456 - 2228223
  Free Inodes: 8192 (100%)
  Free Blocks: 32768 (100%)
  Total Directories: 0
  Stored Checksum: 0xDA7F

Group: 68:
  Block Group Flags: [INODE_ZEROED, ]
  Inode Range: 557057 - 565248
  Block Range: 2228224 - 2260991
  Layout:
    Data bitmap: 2097156 - 2097156
    Inode bitmap: 2097172 - 2097172
    Inode Table: 2099232 - 2099743
    Data Blocks: 2228224 - 2260991
  Free Inodes: 8192 (100%)
  Free Blocks: 31789 (97%)
  Total Directories: 0
  Stored Checksum: 0x2F1B

Group: 69:
  Block Group Flags: [INODE_UNINIT, INODE_ZEROED, ]
  Inode Range: 565249 - 573440
  Block Range: 2260992 - 2293759
  Layout:
    Data bitmap: 2097157 - 2097157
    Inode bitmap: 2097173 - 2097173
    Inode Table: 2099744 - 2100255
    Data Blocks: 2260992 - 2293759
  Free Inodes: 8192 (100%)
  Free Blocks: 32768 (100%)
  Total Directories: 0
  Stored Checksum: 0xF559

Group: 70:
  Block Group Flags: [INODE_UNINIT, INODE_ZEROED, ]
  Inode Range: 573441 - 581632
  Block Range: 2293760 - 2326527
  Layout:
    Data bitmap: 2097158 - 2097158
    Inode bitmap: 2097174 - 2097174
    Inode Table: 2100256 - 2100767
    Data Blocks: 2293760 - 2326527
  Free Inodes: 8192 (100%)
  Free Blocks: 31394 (95%)
  Total Directories: 0
  Stored Checksum: 0x7EED

Group: 71:
  Block Group Flags: [INODE_UNINIT, INODE_ZEROED, ]
  Inode Range: 581633 - 589824
  Block Range: 2326528 - 2359295
  Layout:
    Data bitmap: 2097159 - 2097159
    Inode bitmap: 2097175 - 2097175
    Inode Table: 2100768 - 2101279
    Data Blocks: 2326528 - 2359295
  Free Inodes: 8192 (100%)
  Free Blocks: 25995 (79%)
  Total Directories: 0
  Stored Checksum: 0xE8AA

Group: 72:
  Block Group Flags: [INODE_UNINIT, INODE_ZEROED, ]
  Inode Range: 589825 - 598016
  Block Range: 2359296 - 2392063
  Layout:
    Data bitmap: 2097160 - 2097160
    Inode bitmap: 2097176 - 2097176
    Inode Table: 2101280 - 2101791
    Data Blocks: 2359296 - 2392063
  Free Inodes: 8192 (100%)
  Free Blocks: 32601 (99%)
  Total Directories: 0
  Stored Checksum: 0xF57C

Group: 73:
  Block Group Flags: [INODE_UNINIT, INODE_ZEROED, ]
  Inode Range: 598017 - 606208
  Block Range: 2392064 - 2424831
  Layout:
    Data bitmap: 2097161 - 2097161
    Inode bitmap: 2097177 - 2097177
    Inode Table: 2101792 - 2102303
    Data Blocks: 2392064 - 2424831
  Free Inodes: 8192 (100%)
  Free Blocks: 32663 (99%)
  Total Directories: 0
  Stored Checksum: 0x51AD

Group: 74:
  Block Group Flags: [INODE_UNINIT, INODE_ZEROED, ]
  Inode Range: 606209 - 614400
  Block Range: 2424832 - 2457599
  Layout:
    Data bitmap: 2097162 - 2097162
    Inode bitmap: 2097178 - 2097178
    Inode Table: 2102304 - 2102815
    Data Blocks: 2424832 - 2457599
  Free Inodes: 8192 (100%)
  Free Blocks: 32768 (100%)
  Total Directories: 0
  Stored Checksum: 0x68F6

Group: 75:
  Block Group Flags: [INODE_UNINIT, INODE_ZEROED, ]
  Inode Range: 614401 - 622592
  Block Range: 2457600 - 2490367
  Layout:
    Data bitmap: 2097163 - 2097163
    Inode bitmap: 2097179 - 2097179
    Inode Table: 2102816 - 2103327
    Data Blocks: 2457600 - 2490367
  Free Inodes: 8192 (100%)
  Free Blocks: 30030 (91%)
  Total Directories: 0
  Stored Checksum: 0x34E5

Group: 76:
  Block Group Flags: [INODE_UNINIT, INODE_ZEROED, ]
  Inode Range: 622593 - 630784
  Block Range: 2490368 - 2523135
  Layout:
    Data bitmap: 2097164 - 2097164
    Inode bitmap: 2097180 - 2097180
    Inode Table: 2103328 - 2103839
    Data Blocks: 2490368 - 2523135
  Free Inodes: 8192 (100%)
  Free Blocks: 29706 (90%)
  Total Directories: 0
  Stored Checksum: 0xA2EB

Group: 77:
  Block Group Flags: [INODE_UNINIT, INODE_ZEROED, ]
  Inode Range: 630785 - 638976
  Block Range: 2523136 - 2555903
  Layout:
    Data bitmap: 2097165 - 2097165
    Inode bitmap: 2097181 - 2097181
    Inode Table: 2103840 - 2104351
    Data Blocks: 2523136 - 2555903
  Free Inodes: 8192 (100%)
  Free Blocks: 32768 (100%)
  Total Directories: 0
  Stored Checksum: 0xA934

Group: 78:
  Block Group Flags: [INODE_UNINIT, INODE_ZEROED, ]
  Inode Range: 638977 - 647168
  Block Range: 2555904 - 2588671
  Layout:
    Data bitmap: 2097166 - 2097166
    Inode bitmap: 2097182 - 2097182
    Inode Table: 2104352 - 2104863
    Data Blocks: 2555904 - 2588671
  Free Inodes: 8192 (100%)
  Free Blocks: 30005 (91%)
  Total Directories: 0
  Stored Checksum: 0x76D7

Group: 79:
  Block Group Flags: [INODE_UNINIT, INODE_ZEROED, ]
  Inode Range: 647169 - 655360
  Block Range: 2588672 - 2621439
  Layout:
    Data bitmap: 2097167 - 2097167
    Inode bitmap: 2097183 - 2097183
    Inode Table: 2104864 - 2105375
    Data Blocks: 2588672 - 2621439
  Free Inodes: 8192 (100%)
  Free Blocks: 32766 (99%)
  Total Directories: 0
  Stored Checksum: 0xD880

Group: 80:
  Block Group Flags: [INODE_ZEROED, ]
  Inode Range: 655361 - 663552
  Block Range: 2621440 - 2654207
  Layout:
    Data bitmap: 2621440 - 2621440
    Inode bitmap: 2621456 - 2621456
    Inode Table: 2621472 - 2621983
    Data Blocks: 2629664 - 2654207
  Free Inodes: 8191 (99%)
  Free Blocks: 24463 (74%)
  Total Directories: 1
  Stored Checksum: 0xB0C0

Group: 81:
  Block Group Flags: [INODE_ZEROED, ]
  Inode Range: 663553 - 671744
  Block Range: 2654208 - 2686975
  Layout:
    Super Block: 2654208 - 2654208
    Group Descriptor Table: 2654209 - 2654324
    Group Descriptor Growth Blocks: 2654325 - 2655348
    Data bitmap: 2621441 - 2621441
    Inode bitmap: 2621457 - 2621457
    Inode Table: 2621984 - 2622495
    Data Blocks: 2655349 - 2686975
  Free Inodes: 8192 (100%)
  Free Blocks: 27001 (82%)
  Total Directories: 0
  Stored Checksum: 0xA72D

Group: 82:
  Block Group Flags: [INODE_ZEROED, ]
  Inode Range: 671745 - 679936
  Block Range: 2686976 - 2719743
  Layout:
    Data bitmap: 2621442 - 2621442
    Inode bitmap: 2621458 - 2621458
    Inode Table: 2622496 - 2623007
    Data Blocks: 2686976 - 2719743
  Free Inodes: 8192 (100%)
  Free Blocks: 32715 (99%)
  Total Directories: 0
  Stored Checksum: 0x92B9

Group: 83:
  Block Group Flags: [INODE_ZEROED, ]
  Inode Range: 679937 - 688128
  Block Range: 2719744 - 2752511
  Layout:
    Data bitmap: 2621443 - 2621443
    Inode bitmap: 2621459 - 2621459
    Inode Table: 2623008 - 2623519
    Data Blocks: 2719744 - 2752511
  Free Inodes: 8192 (100%)
  Free Blocks: 31883 (97%)
  Total Directories: 0
  Stored Checksum: 0x3536

Group: 84:
  Block Group Flags: [INODE_ZEROED, ]
  Inode Range: 688129 - 696320
  Block Range: 2752512 - 2785279
  Layout:
    Data bitmap: 2621444 - 2621444
    Inode bitmap: 2621460 - 2621460
    Inode Table: 2623520 - 2624031
    Data Blocks: 2752512 - 2785279
  Free Inodes: 8192 (100%)
  Free Blocks: 23599 (72%)
  Total Directories: 0
  Stored Checksum: 0xB80D

Group: 85:
  Block Group Flags: [INODE_UNINIT, INODE_ZEROED, ]
  Inode Range: 696321 - 704512
  Block Range: 2785280 - 2818047
  Layout:
    Data bitmap: 2621445 - 2621445
    Inode bitmap: 2621461 - 2621461
    Inode Table: 2624032 - 2624543
    Data Blocks: 2785280 - 2818047
  Free Inodes: 8192 (100%)
  Free Blocks: 30654 (93%)
  Total Directories: 0
  Stored Checksum: 0x3342

Group: 86:
  Block Group Flags: [INODE_UNINIT, INODE_ZEROED, ]
  Inode Range: 704513 - 712704
  Block Range: 2818048 - 2850815
  Layout:
    Data bitmap: 2621446 - 2621446
    Inode bitmap: 2621462 - 2621462
    Inode Table: 2624544 - 2625055
    Data Blocks: 2818048 - 2850815
  Free Inodes: 8192 (100%)
  Free Blocks: 28230 (86%)
  Total Directories: 0
  Stored Checksum: 0xFAFE

Group: 87:
  Block Group Flags: [INODE_UNINIT, INODE_ZEROED, ]
  Inode Range: 712705 - 720896
  Block Range: 2850816 - 2883583
  Layout:
    Data bitmap: 2621447 - 2621447
    Inode bitmap: 2621463 - 2621463
    Inode Table: 2625056 - 2625567
    Data Blocks: 2850816 - 2883583
  Free Inodes: 8192 (100%)
  Free Blocks: 31710 (96%)
  Total Directories: 0
  Stored Checksum: 0x5C17

Group: 88:
  Block Group Flags: [INODE_UNINIT, INODE_ZEROED, ]
  Inode Range: 720897 - 729088
  Block Range: 2883584 - 2916351
  Layout:
    Data bitmap: 2621448 - 2621448
    Inode bitmap: 2621464 - 2621464
    Inode Table: 2625568 - 2626079
    Data Blocks: 2883584 - 2916351
  Free Inodes: 8192 (100%)
  Free Blocks: 32768 (100%)
  Total Directories: 0
  Stored Checksum: 0xA5FD

Group: 89:
  Block Group Flags: [INODE_UNINIT, INODE_ZEROED, ]
  Inode Range: 729089 - 737280
  Block Range: 2916352 - 2949119
  Layout:
    Data bitmap: 2621449 - 2621449
    Inode bitmap: 2621465 - 2621465
    Inode Table: 2626080 - 2626591
    Data Blocks: 2916352 - 2949119
  Free Inodes: 8192 (100%)
  Free Blocks: 32768 (100%)
  Total Directories: 0
  Stored Checksum: 0xBBD6

Group: 90:
  Block Group Flags: [INODE_UNINIT, INODE_ZEROED, ]
  Inode Range: 737281 - 745472
  Block Range: 2949120 - 2981887
  Layout:
    Data bitmap: 2621450 - 2621450
    Inode bitmap: 2621466 - 2621466
    Inode Table: 2626592 - 2627103
    Data Blocks: 2949120 - 2981887
  Free Inodes: 8192 (100%)
  Free Blocks: 32768 (100%)
  Total Directories: 0
  Stored Checksum: 0xEF5A

Group: 91:
  Block Group Flags: [INODE_UNINIT, INODE_ZEROED, ]
  Inode Range: 745473 - 753664
  Block Range: 2981888 - 3014655
  Layout:
    Data bitmap: 2621451 - 2621451
    Inode bitmap: 2621467 - 2621467
    Inode Table: 2627104 - 2627615
    Data Blocks: 2981888 - 3014655
  Free Inodes: 8192 (100%)
  Free Blocks: 32179 (98%)
  Total Directories: 0
  Stored Checksum: 0x8FA1

Group: 92:
  Block Group Flags: [INODE_UNINIT, INODE_ZEROED, ]
  Inode Range: 753665 - 761856
  Block Range: 3014656 - 3047423
  Layout:
    Data bitmap: 2621452 - 2621452
    Inode bitmap: 2621468 - 2621468
    Inode Table: 2627616 - 2628127
    Data Blocks: 3014656 - 3047423
  Free Inodes: 8192 (100%)
  Free Blocks: 32159 (98%)
  Total Directories: 0
  Stored Checksum: 0xE4ED

Group: 93:
  Block Group Flags: [INODE_UNINIT, INODE_ZEROED, ]
  Inode Range: 761857 - 770048
  Block Range: 3047424 - 3080191
  Layout:
    Data bitmap: 2621453 - 2621453
    Inode bitmap: 2621469 - 2621469
    Inode Table: 2628128 - 2628639
    Data Blocks: 3047424 - 3080191
  Free Inodes: 8192 (100%)
  Free Blocks: 31075 (94%)
  Total Directories: 0
  Stored Checksum: 0x5BAB

Group: 94:
  Block Group Flags: [INODE_UNINIT, INODE_ZEROED, ]
  Inode Range: 770049 - 778240
  Block Range: 3080192 - 3112959
  Layout:
    Data bitmap: 2621454 - 2621454
    Inode bitmap: 2621470 - 2621470
    Inode Table: 2628640 - 2629151
    Data Blocks: 3080192 - 3112959
  Free Inodes: 8192 (100%)
  Free Blocks: 25478 (77%)
  Total Directories: 0
  Stored Checksum: 0x9AD0

Group: 95:
  Block Group Flags: [INODE_UNINIT, INODE_ZEROED, ]
  Inode Range: 778241 - 786432
  Block Range: 3112960 - 3145727
  Layout:
    Data bitmap: 2621455 - 2621455
    Inode bitmap: 2621471 - 2621471
    Inode Table: 2629152 - 2629663
    Data Blocks: 3112960 - 3145727
  Free Inodes: 8192 (100%)
  Free Blocks: 27148 (82%)
  Total Directories: 0
  Stored Checksum: 0x2F86

Group: 96:
  Block Group Flags: [INODE_ZEROED, ]
  Inode Range: 786433 - 794624
  Block Range: 3145728 - 3178495
  Layout:
    Data bitmap: 3145728 - 3145728
    Inode bitmap: 3145744 - 3145744
    Inode Table: 3145760 - 3146271
    Data Blocks: 3153952 - 3178495
  Free Inodes: 7660 (93%)
  Free Blocks: 20085 (61%)
  Total Directories: 150
  Stored Checksum: 0x7ED0

Group: 97:
  Block Group Flags: [INODE_ZEROED, ]
  Inode Range: 794625 - 802816
  Block Range: 3178496 - 3211263
  Layout:
    Data bitmap: 3145729 - 3145729
    Inode bitmap: 3145745 - 3145745
    Inode Table: 3146272 - 3146783
    Data Blocks: 3178496 - 3211263
  Free Inodes: 5429 (66%)
  Free Blocks: 28639 (87%)
  Total Directories: 507
  Stored Checksum: 0x5B9A

Group: 98:
  Block Group Flags: [INODE_ZEROED, ]
  Inode Range: 802817 - 811008
  Block Range: 3211264 - 3244031
  Layout:
    Data bitmap: 3145730 - 3145730
    Inode bitmap: 3145746 - 3145746
    Inode Table: 3146784 - 3147295
    Data Blocks: 3211264 - 3244031
  Free Inodes: 8192 (100%)
  Free Blocks: 30630 (93%)
  Total Directories: 0
  Stored Checksum: 0xB1F4

Group: 99:
  Block Group Flags: [INODE_ZEROED, ]
  Inode Range: 811009 - 819200
  Block Range: 3244032 - 3276799
  Layout:
    Data bitmap: 3145731 - 3145731
    Inode bitmap: 3145747 - 3145747
    Inode Table: 3147296 - 3147807
    Data Blocks: 3244032 - 3276799
  Free Inodes: 8192 (100%)
  Free Blocks: 29868 (91%)
  Total Directories: 0
  Stored Checksum: 0x0F1A

Group: 100:
  Block Group Flags: [INODE_UNINIT, INODE_ZEROED, ]
  Inode Range: 819201 - 827392
  Block Range: 3276800 - 3309567
  Layout:
    Data bitmap: 3145732 - 3145732
    Inode bitmap: 3145748 - 3145748
    Inode Table: 3147808 - 3148319
    Data Blocks: 3276800 - 3309567
  Free Inodes: 8192 (100%)
  Free Blocks: 19886 (60%)
  Total Directories: 0
  Stored Checksum: 0x1982

Group: 101:
  Block Group Flags: [INODE_UNINIT, INODE_ZEROED, ]
  Inode Range: 827393 - 835584
  Block Range: 3309568 - 3342335
  Layout:
    Data bitmap: 3145733 - 3145733
    Inode bitmap: 3145749 - 3145749
    Inode Table: 3148320 - 3148831
    Data Blocks: 3309568 - 3342335
  Free Inodes: 8192 (100%)
  Free Blocks: 26296 (80%)
  Total Directories: 0
  Stored Checksum: 0xD508

Group: 102:
  Block Group Flags: [INODE_UNINIT, INODE_ZEROED, ]
  Inode Range: 835585 - 843776
  Block Range: 3342336 - 3375103
  Layout:
    Data bitmap: 3145734 - 3145734
    Inode bitmap: 3145750 - 3145750
    Inode Table: 3148832 - 3149343
    Data Blocks: 3342336 - 3375103
  Free Inodes: 8192 (100%)
  Free Blocks: 23706 (72%)
  Total Directories: 0
  Stored Checksum: 0xBA4C

Group: 103:
  Block Group Flags: [INODE_UNINIT, INODE_ZEROED, ]
  Inode Range: 843777 - 851968
  Block Range: 3375104 - 3407871
  Layout:
    Data bitmap: 3145735 - 3145735
    Inode bitmap: 3145751 - 3145751
    Inode Table: 3149344 - 3149855
    Data Blocks: 3375104 - 3407871
  Free Inodes: 8192 (100%)
  Free Blocks: 30868 (94%)
  Total Directories: 0
  Stored Checksum: 0x7FFB

Group: 104:
  Block Group Flags: [INODE_UNINIT, INODE_ZEROED, ]
  Inode Range: 851969 - 860160
  Block Range: 3407872 - 3440639
  Layout:
    Data bitmap: 3145736 - 3145736
    Inode bitmap: 3145752 - 3145752
    Inode Table: 3149856 - 3150367
    Data Blocks: 3407872 - 3440639
  Free Inodes: 8192 (100%)
  Free Blocks: 31381 (95%)
  Total Directories: 0
  Stored Checksum: 0x287B

Group: 105:
  Block Group Flags: [INODE_UNINIT, INODE_ZEROED, ]
  Inode Range: 860161 - 868352
  Block Range: 3440640 - 3473407
  Layout:
    Data bitmap: 3145737 - 3145737
    Inode bitmap: 3145753 - 3145753
    Inode Table: 3150368 - 3150879
    Data Blocks: 3440640 - 3473407
  Free Inodes: 8192 (100%)
  Free Blocks: 27922 (85%)
  Total Directories: 0
  Stored Checksum: 0x36CC

Group: 106:
  Block Group Flags: [INODE_UNINIT, INODE_ZEROED, ]
  Inode Range: 868353 - 876544
  Block Range: 3473408 - 3506175
  Layout:
    Data bitmap: 3145738 - 3145738
    Inode bitmap: 3145754 - 3145754
    Inode Table: 3150880 - 3151391
    Data Blocks: 3473408 - 3506175
  Free Inodes: 8192 (100%)
  Free Blocks: 29741 (90%)
  Total Directories: 0
  Stored Checksum: 0x94DB

Group: 107:
  Block Group Flags: [INODE_UNINIT, INODE_ZEROED, ]
  Inode Range: 876545 - 884736
  Block Range: 3506176 - 3538943
  Layout:
    Data bitmap: 3145739 - 3145739
    Inode bitmap: 3145755 - 3145755
    Inode Table: 3151392 - 3151903
    Data Blocks: 3506176 - 3538943
  Free Inodes: 8192 (100%)
  Free Blocks: 29870 (91%)
  Total Directories: 0
  Stored Checksum: 0x8E13

Group: 108:
  Block Group Flags: [INODE_UNINIT, INODE_ZEROED, ]
  Inode Range: 884737 - 892928
  Block Range: 3538944 - 3571711
  Layout:
    Data bitmap: 3145740 - 3145740
    Inode bitmap: 3145756 - 3145756
    Inode Table: 3151904 - 3152415
    Data Blocks: 3538944 - 3571711
  Free Inodes: 8192 (100%)
  Free Blocks: 30080 (91%)
  Total Directories: 0
  Stored Checksum: 0xE472

Group: 109:
  Block Group Flags: [INODE_UNINIT, INODE_ZEROED, ]
  Inode Range: 892929 - 901120
  Block Range: 3571712 - 3604479
  Layout:
    Data bitmap: 3145741 - 3145741
    Inode bitmap: 3145757 - 3145757
    Inode Table: 3152416 - 3152927
    Data Blocks: 3571712 - 3604479
  Free Inodes: 8192 (100%)
  Free Blocks: 29174 (89%)
  Total Directories: 0
  Stored Checksum: 0x84C1

Group: 110:
  Block Group Flags: [INODE_UNINIT, INODE_ZEROED, ]
  Inode Range: 901121 - 909312
  Block Range: 3604480 - 3637247
  Layout:
    Data bitmap: 3145742 - 3145742
    Inode bitmap: 3145758 - 3145758
    Inode Table: 3152928 - 3153439
    Data Blocks: 3604480 - 3637247
  Free Inodes: 8192 (100%)
  Free Blocks: 29222 (89%)
  Total Directories: 0
  Stored Checksum: 0x0300

Group: 111:
  Block Group Flags: [INODE_UNINIT, INODE_ZEROED, ]
  Inode Range: 909313 - 917504
  Block Range: 3637248 - 3670015
  Layout:
    Data bitmap: 3145743 - 3145743
    Inode bitmap: 3145759 - 3145759
    Inode Table: 3153440 - 3153951
    Data Blocks: 3637248 - 3670015
  Free Inodes: 8192 (100%)
  Free Blocks: 30317 (92%)
  Total Directories: 0
  Stored Checksum: 0xBFCB

Group: 112:
  Block Group Flags: [INODE_ZEROED, ]
  Inode Range: 917505 - 925696
  Block Range: 3670016 - 3702783
  Layout:
    Data bitmap: 3670016 - 3670016
    Inode bitmap: 3670032 - 3670032
    Inode Table: 3670048 - 3670559
    Data Blocks: 3678240 - 3702783
  Free Inodes: 2623 (32%)
  Free Blocks: 22079 (67%)
  Total Directories: 1564
  Stored Checksum: 0xDD3E

Group: 113:
  Block Group Flags: [INODE_ZEROED, ]
  Inode Range: 925697 - 933888
  Block Range: 3702784 - 3735551
  Layout:
    Data bitmap: 3670017 - 3670017
    Inode bitmap: 3670033 - 3670033
    Inode Table: 3670560 - 3671071
    Data Blocks: 3702784 - 3735551
  Free Inodes: 76 (0%)
  Free Blocks: 29033 (88%)
  Total Directories: 1802
  Stored Checksum: 0x91D5

Group: 114:
  Block Group Flags: [INODE_ZEROED, ]
  Inode Range: 933889 - 942080
  Block Range: 3735552 - 3768319
  Layout:
    Data bitmap: 3670018 - 3670018
    Inode bitmap: 3670034 - 3670034
    Inode Table: 3671072 - 3671583
    Data Blocks: 3735552 - 3768319
  Free Inodes: 2384 (29%)
  Free Blocks: 29984 (91%)
  Total Directories: 1368
  Stored Checksum: 0x192E

Group: 115:
  Block Group Flags: [INODE_ZEROED, ]
  Inode Range: 942081 - 950272
  Block Range: 3768320 - 3801087
  Layout:
    Data bitmap: 3670019 - 3670019
    Inode bitmap: 3670035 - 3670035
    Inode Table: 3671584 - 3672095
    Data Blocks: 3768320 - 3801087
  Free Inodes: 8192 (100%)
  Free Blocks: 25543 (77%)
  Total Directories: 0
  Stored Checksum: 0x5506

Group: 116:
  Block Group Flags: [INODE_UNINIT, INODE_ZEROED, ]
  Inode Range: 950273 - 958464
  Block Range: 3801088 - 3833855
  Layout:
    Data bitmap: 3670020 - 3670020
    Inode bitmap: 3670036 - 3670036
    Inode Table: 3672096 - 3672607
    Data Blocks: 3801088 - 3833855
  Free Inodes: 8192 (100%)
  Free Blocks: 14523 (44%)
  Total Directories: 0
  Stored Checksum: 0x3825

Group: 117:
  Block Group Flags: [INODE_UNINIT, INODE_ZEROED, ]
  Inode Range: 958465 - 966656
  Block Range: 3833856 - 3866623
  Layout:
    Data bitmap: 3670021 - 3670021
    Inode bitmap: 3670037 - 3670037
    Inode Table: 3672608 - 3673119
    Data Blocks: 3833856 - 3866623
  Free Inodes: 8192 (100%)
  Free Blocks: 27306 (83%)
  Total Directories: 0
  Stored Checksum: 0x440F

Group: 118:
  Block Group Flags: [INODE_UNINIT, INODE_ZEROED, ]
  Inode Range: 966657 - 974848
  Block Range: 3866624 - 3899391
  Layout:
    Data bitmap: 3670022 - 3670022
    Inode bitmap: 3670038 - 3670038
    Inode Table: 3673120 - 3673631
    Data Blocks: 3866624 - 3899391
  Free Inodes: 8192 (100%)
  Free Blocks: 23439 (71%)
  Total Directories: 0
  Stored Checksum: 0x2C13

Group: 119:
  Block Group Flags: [INODE_UNINIT, INODE_ZEROED, ]
  Inode Range: 974849 - 983040
  Block Range: 3899392 - 3932159
  Layout:
    Data bitmap: 3670023 - 3670023
    Inode bitmap: 3670039 - 3670039
    Inode Table: 3673632 - 3674143
    Data Blocks: 3899392 - 3932159
  Free Inodes: 8192 (100%)
  Free Blocks: 31580 (96%)
  Total Directories: 0
  Stored Checksum: 0x5BF4

Group: 120:
  Block Group Flags: [INODE_UNINIT, INODE_ZEROED, ]
  Inode Range: 983041 - 991232
  Block Range: 3932160 - 3964927
  Layout:
    Data bitmap: 3670024 - 3670024
    Inode bitmap: 3670040 - 3670040
    Inode Table: 3674144 - 3674655
    Data Blocks: 3932160 - 3964927
  Free Inodes: 8192 (100%)
  Free Blocks: 30059 (91%)
  Total Directories: 0
  Stored Checksum: 0x11A9

Group: 121:
  Block Group Flags: [INODE_UNINIT, INODE_ZEROED, ]
  Inode Range: 991233 - 999424
  Block Range: 3964928 - 3997695
  Layout:
    Data bitmap: 3670025 - 3670025
    Inode bitmap: 3670041 - 3670041
    Inode Table: 3674656 - 3675167
    Data Blocks: 3964928 - 3997695
  Free Inodes: 8192 (100%)
  Free Blocks: 27015 (82%)
  Total Directories: 0
  Stored Checksum: 0xF54D

Group: 122:
  Block Group Flags: [INODE_UNINIT, INODE_ZEROED, ]
  Inode Range: 999425 - 1007616
  Block Range: 3997696 - 4030463
  Layout:
    Data bitmap: 3670026 - 3670026
    Inode bitmap: 3670042 - 3670042
    Inode Table: 3675168 - 3675679
    Data Blocks: 3997696 - 4030463
  Free Inodes: 8192 (100%)
  Free Blocks: 25472 (77%)
  Total Directories: 0
  Stored Checksum: 0x8173

Group: 123:
  Block Group Flags: [INODE_UNINIT, INODE_ZEROED, ]
  Inode Range: 1007617 - 1015808
  Block Range: 4030464 - 4063231
  Layout:
    Data bitmap: 3670027 - 3670027
    Inode bitmap: 3670043 - 3670043
    Inode Table: 3675680 - 3676191
    Data Blocks: 4030464 - 4063231
  Free Inodes: 8192 (100%)
  Free Blocks: 28984 (88%)
  Total Directories: 0
  Stored Checksum: 0x7214

Group: 124:
  Block Group Flags: [INODE_UNINIT, INODE_ZEROED, ]
  Inode Range: 1015809 - 1024000
  Block Range: 4063232 - 4095999
  Layout:
    Data bitmap: 3670028 - 3670028
    Inode bitmap: 3670044 - 3670044
    Inode Table: 3676192 - 3676703
    Data Blocks: 4063232 - 4095999
  Free Inodes: 8192 (100%)
  Free Blocks: 28533 (87%)
  Total Directories: 0
  Stored Checksum: 0x148B

Group: 125:
  Block Group Flags: [INODE_UNINIT, INODE_ZEROED, ]
  Inode Range: 1024001 - 1032192
  Block Range: 4096000 - 4128767
  Layout:
    Super Block: 4096000 - 4096000
    Group Descriptor Table: 4096001 - 4096116
    Group Descriptor Growth Blocks: 4096117 - 4097140
    Data bitmap: 3670029 - 3670029
    Inode bitmap: 3670045 - 3670045
    Inode Table: 3676704 - 3677215
    Data Blocks: 4097141 - 4128767
  Free Inodes: 8192 (100%)
  Free Blocks: 28329 (86%)
  Total Directories: 0
  Stored Checksum: 0xC10E

Group: 126:
  Block Group Flags: [INODE_UNINIT, INODE_ZEROED, ]
  Inode Range: 1032193 - 1040384
  Block Range: 4128768 - 4161535
  Layout:
    Data bitmap: 3670030 - 3670030
    Inode bitmap: 3670046 - 3670046
    Inode Table: 3677216 - 3677727
    Data Blocks: 4128768 - 4161535
  Free Inodes: 8192 (100%)
  Free Blocks: 32455 (99%)
  Total Directories: 0
  Stored Checksum: 0x4690

Group: 127:
  Block Group Flags: [INODE_UNINIT, INODE_ZEROED, ]
  Inode Range: 1040385 - 1048576
  Block Range: 4161536 - 4194303
  Layout:
    Data bitmap: 3670031 - 3670031
    Inode bitmap: 3670047 - 3670047
    Inode Table: 3677728 - 3678239
    Data Blocks: 4161536 - 4194303
  Free Inodes: 8192 (100%)
  Free Blocks: 28937 (88%)
  Total Directories: 0
  Stored Checksum: 0xE527

Group: 128:
  Block Group Flags: [INODE_ZEROED, ]
  Inode Range: 1048577 - 1056768
  Block Range: 4194304 - 4227071
  Layout:
    Data bitmap: 4194304 - 4194304
    Inode bitmap: 4194320 - 4194320
    Inode Table: 4194336 - 4194847
    Data Blocks: 4202528 - 4227071
  Free Inodes: 8192 (100%)
  Free Blocks: 19406 (59%)
  Total Directories: 0
  Stored Checksum: 0x5C04

Group: 129:
  Block Group Flags: [INODE_ZEROED, ]
  Inode Range: 1056769 - 1064960
  Block Range: 4227072 - 4259839
  Layout:
    Data bitmap: 4194305 - 4194305
    Inode bitmap: 4194321 - 4194321
    Inode Table: 4194848 - 4195359
    Data Blocks: 4227072 - 4259839
  Free Inodes: 8192 (100%)
  Free Blocks: 31305 (95%)
  Total Directories: 0
  Stored Checksum: 0xA1A4

Group: 130:
  Block Group Flags: [INODE_ZEROED, ]
  Inode Range: 1064961 - 1073152
  Block Range: 4259840 - 4292607
  Layout:
    Data bitmap: 4194306 - 4194306
    Inode bitmap: 4194322 - 4194322
    Inode Table: 4195360 - 4195871
    Data Blocks: 4259840 - 4292607
  Free Inodes: 8192 (100%)
  Free Blocks: 32483 (99%)
  Total Directories: 0
  Stored Checksum: 0xF1A6

Group: 131:
  Block Group Flags: [INODE_ZEROED, ]
  Inode Range: 1073153 - 1081344
  Block Range: 4292608 - 4325375
  Layout:
    Data bitmap: 4194307 - 4194307
    Inode bitmap: 4194323 - 4194323
    Inode Table: 4195872 - 4196383
    Data Blocks: 4292608 - 4325375
  Free Inodes: 7200 (87%)
  Free Blocks: 31516 (96%)
  Total Directories: 139
  Stored Checksum: 0xE58C

Group: 132:
  Block Group Flags: [INODE_ZEROED, ]
  Inode Range: 1081345 - 1089536
  Block Range: 4325376 - 4358143
  Layout:
    Data bitmap: 4194308 - 4194308
    Inode bitmap: 4194324 - 4194324
    Inode Table: 4196384 - 4196895
    Data Blocks: 4325376 - 4358143
  Free Inodes: 8192 (100%)
  Free Blocks: 32760 (99%)
  Total Directories: 0
  Stored Checksum: 0xADE3

Group: 133:
  Block Group Flags: [INODE_UNINIT, INODE_ZEROED, ]
  Inode Range: 1089537 - 1097728
  Block Range: 4358144 - 4390911
  Layout:
    Data bitmap: 4194309 - 4194309
    Inode bitmap: 4194325 - 4194325
    Inode Table: 4196896 - 4197407
    Data Blocks: 4358144 - 4390911
  Free Inodes: 8192 (100%)
  Free Blocks: 25784 (78%)
  Total Directories: 0
  Stored Checksum: 0xBE4B

Group: 134:
  Block Group Flags: [INODE_UNINIT, INODE_ZEROED, ]
  Inode Range: 1097729 - 1105920
  Block Range: 4390912 - 4423679
  Layout:
    Data bitmap: 4194310 - 4194310
    Inode bitmap: 4194326 - 4194326
    Inode Table: 4197408 - 4197919
    Data Blocks: 4390912 - 4423679
  Free Inodes: 8192 (100%)
  Free Blocks: 32641 (99%)
  Total Directories: 0
  Stored Checksum: 0xCCF3

Group: 135:
  Block Group Flags: [INODE_UNINIT, INODE_ZEROED, ]
  Inode Range: 1105921 - 1114112
  Block Range: 4423680 - 4456447
  Layout:
    Data bitmap: 4194311 - 4194311
    Inode bitmap: 4194327 - 4194327
    Inode Table: 4197920 - 4198431
    Data Blocks: 4423680 - 4456447
  Free Inodes: 8192 (100%)
  Free Blocks: 32668 (99%)
  Total Directories: 0
  Stored Checksum: 0x35E4

Group: 136:
  Block Group Flags: [INODE_UNINIT, INODE_ZEROED, ]
  Inode Range: 1114113 - 1122304
  Block Range: 4456448 - 4489215
  Layout:
    Data bitmap: 4194312 - 4194312
    Inode bitmap: 4194328 - 4194328
    Inode Table: 4198432 - 4198943
    Data Blocks: 4456448 - 4489215
  Free Inodes: 8192 (100%)
  Free Blocks: 32470 (99%)
  Total Directories: 0
  Stored Checksum: 0x0933

Group: 137:
  Block Group Flags: [INODE_UNINIT, INODE_ZEROED, ]
  Inode Range: 1122305 - 1130496
  Block Range: 4489216 - 4521983
  Layout:
    Data bitmap: 4194313 - 4194313
    Inode bitmap: 4194329 - 4194329
    Inode Table: 4198944 - 4199455
    Data Blocks: 4489216 - 4521983
  Free Inodes: 8192 (100%)
  Free Blocks: 31537 (96%)
  Total Directories: 0
  Stored Checksum: 0x2A7A

Group: 138:
  Block Group Flags: [INODE_UNINIT, INODE_ZEROED, ]
  Inode Range: 1130497 - 1138688
  Block Range: 4521984 - 4554751
  Layout:
    Data bitmap: 4194314 - 4194314
    Inode bitmap: 4194330 - 4194330
    Inode Table: 4199456 - 4199967
    Data Blocks: 4521984 - 4554751
  Free Inodes: 8192 (100%)
  Free Blocks: 32421 (98%)
  Total Directories: 0
  Stored Checksum: 0x5396

Group: 139:
  Block Group Flags: [INODE_UNINIT, INODE_ZEROED, ]
  Inode Range: 1138689 - 1146880
  Block Range: 4554752 - 4587519
  Layout:
    Data bitmap: 4194315 - 4194315
    Inode bitmap: 4194331 - 4194331
    Inode Table: 4199968 - 4200479
    Data Blocks: 4554752 - 4587519
  Free Inodes: 8192 (100%)
  Free Blocks: 32371 (98%)
  Total Directories: 0
  Stored Checksum: 0x8C6E

Group: 140:
  Block Group Flags: [INODE_UNINIT, INODE_ZEROED, ]
  Inode Range: 1146881 - 1155072
  Block Range: 4587520 - 4620287
  Layout:
    Data bitmap: 4194316 - 4194316
    Inode bitmap: 4194332 - 4194332
    Inode Table: 4200480 - 4200991
    Data Blocks: 4587520 - 4620287
  Free Inodes: 8192 (100%)
  Free Blocks: 32762 (99%)
  Total Directories: 0
  Stored Checksum: 0xAE37

Group: 141:
  Block Group Flags: [INODE_UNINIT, INODE_ZEROED, ]
  Inode Range: 1155073 - 1163264
  Block Range: 4620288 - 4653055
  Layout:
    Data bitmap: 4194317 - 4194317
    Inode bitmap: 4194333 - 4194333
    Inode Table: 4200992 - 4201503
    Data Blocks: 4620288 - 4653055
  Free Inodes: 8192 (100%)
  Free Blocks: 32645 (99%)
  Total Directories: 0
  Stored Checksum: 0x4F7E

Group: 142:
  Block Group Flags: [INODE_UNINIT, INODE_ZEROED, ]
  Inode Range: 1163265 - 1171456
  Block Range: 4653056 - 4685823
  Layout:
    Data bitmap: 4194318 - 4194318
    Inode bitmap: 4194334 - 4194334
    Inode Table: 4201504 - 4202015
    Data Blocks: 4653056 - 4685823
  Free Inodes: 8192 (100%)
  Free Blocks: 30720 (93%)
  Total Directories: 0
  Stored Checksum: 0xE18F

Group: 143:
  Block Group Flags: [INODE_UNINIT, INODE_ZEROED, ]
  Inode Range: 1171457 - 1179648
  Block Range: 4685824 - 4718591
  Layout:
    Data bitmap: 4194319 - 4194319
    Inode bitmap: 4194335 - 4194335
    Inode Table: 4202016 - 4202527
    Data Blocks: 4685824 - 4718591
  Free Inodes: 8192 (100%)
  Free Blocks: 30719 (93%)
  Total Directories: 0
  Stored Checksum: 0x0F9A

Group: 144:
  Block Group Flags: [INODE_ZEROED, ]
  Inode Range: 1179649 - 1187840
  Block Range: 4718592 - 4751359
  Layout:
    Data bitmap: 4718592 - 4718592
    Inode bitmap: 4718608 - 4718608
    Inode Table: 4718624 - 4719135
    Data Blocks: 4726816 - 4751359
  Free Inodes: 8128 (99%)
  Free Blocks: 23383 (71%)
  Total Directories: 37
  Stored Checksum: 0xD48E

Group: 145:
  Block Group Flags: [INODE_ZEROED, ]
  Inode Range: 1187841 - 1196032
  Block Range: 4751360 - 4784127
  Layout:
    Data bitmap: 4718593 - 4718593
    Inode bitmap: 4718609 - 4718609
    Inode Table: 4719136 - 4719647
    Data Blocks: 4751360 - 4784127
  Free Inodes: 8192 (100%)
  Free Blocks: 26596 (81%)
  Total Directories: 0
  Stored Checksum: 0x5044

Group: 146:
  Block Group Flags: [INODE_ZEROED, ]
  Inode Range: 1196033 - 1204224
  Block Range: 4784128 - 4816895
  Layout:
    Data bitmap: 4718594 - 4718594
    Inode bitmap: 4718610 - 4718610
    Inode Table: 4719648 - 4720159
    Data Blocks: 4784128 - 4816895
  Free Inodes: 8157 (99%)
  Free Blocks: 32488 (99%)
  Total Directories: 17
  Stored Checksum: 0xAE2F

Group: 147:
  Block Group Flags: [INODE_ZEROED, ]
  Inode Range: 1204225 - 1212416
  Block Range: 4816896 - 4849663
  Layout:
    Data bitmap: 4718595 - 4718595
    Inode bitmap: 4718611 - 4718611
    Inode Table: 4720160 - 4720671
    Data Blocks: 4816896 - 4849663
  Free Inodes: 8192 (100%)
  Free Blocks: 31726 (96%)
  Total Directories: 0
  Stored Checksum: 0xD97D

Group: 148:
  Block Group Flags: [INODE_UNINIT, INODE_ZEROED, ]
  Inode Range: 1212417 - 1220608
  Block Range: 4849664 - 4882431
  Layout:
    Data bitmap: 4718596 - 4718596
    Inode bitmap: 4718612 - 4718612
    Inode Table: 4720672 - 4721183
    Data Blocks: 4849664 - 4882431
  Free Inodes: 8192 (100%)
  Free Blocks: 32768 (100%)
  Total Directories: 0
  Stored Checksum: 0xD41D

Group: 149:
  Block Group Flags: [INODE_UNINIT, INODE_ZEROED, ]
  Inode Range: 1220609 - 1228800
  Block Range: 4882432 - 4915199
  Layout:
    Data bitmap: 4718597 - 4718597
    Inode bitmap: 4718613 - 4718613
    Inode Table: 4721184 - 4721695
    Data Blocks: 4882432 - 4915199
  Free Inodes: 8192 (100%)
  Free Blocks: 31077 (94%)
  Total Directories: 0
  Stored Checksum: 0xDE0A

Group: 150:
  Block Group Flags: [INODE_UNINIT, INODE_ZEROED, ]
  Inode Range: 1228801 - 1236992
  Block Range: 4915200 - 4947967
  Layout:
    Data bitmap: 4718598 - 4718598
    Inode bitmap: 4718614 - 4718614
    Inode Table: 4721696 - 4722207
    Data Blocks: 4915200 - 4947967
  Free Inodes: 8192 (100%)
  Free Blocks: 32760 (99%)
  Total Directories: 0
  Stored Checksum: 0x7FB0

Group: 151:
  Block Group Flags: [INODE_UNINIT, INODE_ZEROED, ]
  Inode Range: 1236993 - 1245184
  Block Range: 4947968 - 4980735
  Layout:
    Data bitmap: 4718599 - 4718599
    Inode bitmap: 4718615 - 4718615
    Inode Table: 4722208 - 4722719
    Data Blocks: 4947968 - 4980735
  Free Inodes: 8192 (100%)
  Free Blocks: 27952 (85%)
  Total Directories: 0
  Stored Checksum: 0x73C9

Group: 152:
  Block Group Flags: [INODE_UNINIT, INODE_ZEROED, ]
  Inode Range: 1245185 - 1253376
  Block Range: 4980736 - 5013503
  Layout:
    Data bitmap: 4718600 - 4718600
    Inode bitmap: 4718616 - 4718616
    Inode Table: 4722720 - 4723231
    Data Blocks: 4980736 - 5013503
  Free Inodes: 8192 (100%)
  Free Blocks: 30937 (94%)
  Total Directories: 0
  Stored Checksum: 0xB58A

Group: 153:
  Block Group Flags: [INODE_UNINIT, INODE_ZEROED, ]
  Inode Range: 1253377 - 1261568
  Block Range: 5013504 - 5046271
  Layout:
    Data bitmap: 4718601 - 4718601
    Inode bitmap: 4718617 - 4718617
    Inode Table: 4723232 - 4723743
    Data Blocks: 5013504 - 5046271
  Free Inodes: 8192 (100%)
  Free Blocks: 30623 (93%)
  Total Directories: 0
  Stored Checksum: 0x27E9

Group: 154:
  Block Group Flags: [INODE_UNINIT, INODE_ZEROED, ]
  Inode Range: 1261569 - 1269760
  Block Range: 5046272 - 5079039
  Layout:
    Data bitmap: 4718602 - 4718602
    Inode bitmap: 4718618 - 4718618
    Inode Table: 4723744 - 4724255
    Data Blocks: 5046272 - 5079039
  Free Inodes: 8192 (100%)
  Free Blocks: 32202 (98%)
  Total Directories: 0
  Stored Checksum: 0x010D

Group: 155:
  Block Group Flags: [INODE_UNINIT, INODE_ZEROED, ]
  Inode Range: 1269761 - 1277952
  Block Range: 5079040 - 5111807
  Layout:
    Data bitmap: 4718603 - 4718603
    Inode bitmap: 4718619 - 4718619
    Inode Table: 4724256 - 4724767
    Data Blocks: 5079040 - 5111807
  Free Inodes: 8192 (100%)
  Free Blocks: 25602 (78%)
  Total Directories: 0
  Stored Checksum: 0x4B39

Group: 156:
  Block Group Flags: [INODE_UNINIT, INODE_ZEROED, ]
  Inode Range: 1277953 - 1286144
  Block Range: 5111808 - 5144575
  Layout:
    Data bitmap: 4718604 - 4718604
    Inode bitmap: 4718620 - 4718620
    Inode Table: 4724768 - 4725279
    Data Blocks: 5111808 - 5144575
  Free Inodes: 8192 (100%)
  Free Blocks: 26587 (81%)
  Total Directories: 0
  Stored Checksum: 0xB1E0

Group: 157:
  Block Group Flags: [INODE_UNINIT, INODE_ZEROED, ]
  Inode Range: 1286145 - 1294336
  Block Range: 5144576 - 5177343
  Layout:
    Data bitmap: 4718605 - 4718605
    Inode bitmap: 4718621 - 4718621
    Inode Table: 4725280 - 4725791
    Data Blocks: 5144576 - 5177343
  Free Inodes: 8192 (100%)
  Free Blocks: 30077 (91%)
  Total Directories: 0
  Stored Checksum: 0xE541

Group: 158:
  Block Group Flags: [INODE_UNINIT, INODE_ZEROED, ]
  Inode Range: 1294337 - 1302528
  Block Range: 5177344 - 5210111
  Layout:
    Data bitmap: 4718606 - 4718606
    Inode bitmap: 4718622 - 4718622
    Inode Table: 4725792 - 4726303
    Data Blocks: 5177344 - 5210111
  Free Inodes: 8192 (100%)
  Free Blocks: 32758 (99%)
  Total Directories: 0
  Stored Checksum: 0xCB17

Group: 159:
  Block Group Flags: [INODE_UNINIT, INODE_ZEROED, ]
  Inode Range: 1302529 - 1310720
  Block Range: 5210112 - 5242879
  Layout:
    Data bitmap: 4718607 - 4718607
    Inode bitmap: 4718623 - 4718623
    Inode Table: 4726304 - 4726815
    Data Blocks: 5210112 - 5242879
  Free Inodes: 8192 (100%)
  Free Blocks: 26111 (79%)
  Total Directories: 0
  Stored Checksum: 0x2F8B

Group: 160:
  Block Group Flags: [INODE_ZEROED, ]
  Inode Range: 1310721 - 1318912
  Block Range: 5242880 - 5275647
  Layout:
    Data bitmap: 5242880 - 5242880
    Inode bitmap: 5242896 - 5242896
    Inode Table: 5242912 - 5243423
    Data Blocks: 5251104 - 5275647
  Free Inodes: 8192 (100%)
  Free Blocks: 19755 (60%)
  Total Directories: 0
  Stored Checksum: 0x3B7C

Group: 161:
  Block Group Flags: [INODE_ZEROED, ]
  Inode Range: 1318913 - 1327104
  Block Range: 5275648 - 5308415
  Layout:
    Data bitmap: 5242881 - 5242881
    Inode bitmap: 5242897 - 5242897
    Inode Table: 5243424 - 5243935
    Data Blocks: 5275648 - 5308415
  Free Inodes: 8192 (100%)
  Free Blocks: 32768 (100%)
  Total Directories: 0
  Stored Checksum: 0x2743

Group: 162:
  Block Group Flags: [INODE_ZEROED, ]
  Inode Range: 1327105 - 1335296
  Block Range: 5308416 - 5341183
  Layout:
    Data bitmap: 5242882 - 5242882
    Inode bitmap: 5242898 - 5242898
    Inode Table: 5243936 - 5244447
    Data Blocks: 5308416 - 5341183
  Free Inodes: 8192 (100%)
  Free Blocks: 31016 (94%)
  Total Directories: 0
  Stored Checksum: 0x3EBE

Group: 163:
  Block Group Flags: [INODE_ZEROED, ]
  Inode Range: 1335297 - 1343488
  Block Range: 5341184 - 5373951
  Layout:
    Data bitmap: 5242883 - 5242883
    Inode bitmap: 5242899 - 5242899
    Inode Table: 5244448 - 5244959
    Data Blocks: 5341184 - 5373951
  Free Inodes: 8192 (100%)
  Free Blocks: 27753 (84%)
  Total Directories: 0
  Stored Checksum: 0x1F0F

Group: 164:
  Block Group Flags: [INODE_ZEROED, ]
  Inode Range: 1343489 - 1351680
  Block Range: 5373952 - 5406719
  Layout:
    Data bitmap: 5242884 - 5242884
    Inode bitmap: 5242900 - 5242900
    Inode Table: 5244960 - 5245471
    Data Blocks: 5373952 - 5406719
  Free Inodes: 8192 (100%)
  Free Blocks: 31811 (97%)
  Total Directories: 0
  Stored Checksum: 0xB40D

Group: 165:
  Block Group Flags: [INODE_UNINIT, INODE_ZEROED, ]
  Inode Range: 1351681 - 1359872
  Block Range: 5406720 - 5439487
  Layout:
    Data bitmap: 5242885 - 5242885
    Inode bitmap: 5242901 - 5242901
    Inode Table: 5245472 - 5245983
    Data Blocks: 5406720 - 5439487
  Free Inodes: 8192 (100%)
  Free Blocks: 32532 (99%)
  Total Directories: 0
  Stored Checksum: 0xECF3

Group: 166:
  Block Group Flags: [INODE_UNINIT, INODE_ZEROED, ]
  Inode Range: 1359873 - 1368064
  Block Range: 5439488 - 5472255
  Layout:
    Data bitmap: 5242886 - 5242886
    Inode bitmap: 5242902 - 5242902
    Inode Table: 5245984 - 5246495
    Data Blocks: 5439488 - 5472255
  Free Inodes: 8192 (100%)
  Free Blocks: 31262 (95%)
  Total Directories: 0
  Stored Checksum: 0xD999

Group: 167:
  Block Group Flags: [INODE_UNINIT, INODE_ZEROED, ]
  Inode Range: 1368065 - 1376256
  Block Range: 5472256 - 5505023
  Layout:
    Data bitmap: 5242887 - 5242887
    Inode bitmap: 5242903 - 5242903
    Inode Table: 5246496 - 5247007
    Data Blocks: 5472256 - 5505023
  Free Inodes: 8192 (100%)
  Free Blocks: 28672 (87%)
  Total Directories: 0
  Stored Checksum: 0xBC90

Group: 168:
  Block Group Flags: [INODE_UNINIT, INODE_ZEROED, ]
  Inode Range: 1376257 - 1384448
  Block Range: 5505024 - 5537791
  Layout:
    Data bitmap: 5242888 - 5242888
    Inode bitmap: 5242904 - 5242904
    Inode Table: 5247008 - 5247519
    Data Blocks: 5505024 - 5537791
  Free Inodes: 8192 (100%)
  Free Blocks: 32370 (98%)
  Total Directories: 0
  Stored Checksum: 0x5953

Group: 169:
  Block Group Flags: [INODE_UNINIT, INODE_ZEROED, ]
  Inode Range: 1384449 - 1392640
  Block Range: 5537792 - 5570559
  Layout:
    Data bitmap: 5242889 - 5242889
    Inode bitmap: 5242905 - 5242905
    Inode Table: 5247520 - 5248031
    Data Blocks: 5537792 - 5570559
  Free Inodes: 8192 (100%)
  Free Blocks: 32250 (98%)
  Total Directories: 0
  Stored Checksum: 0xCE69

Group: 170:
  Block Group Flags: [INODE_UNINIT, INODE_ZEROED, ]
  Inode Range: 1392641 - 1400832
  Block Range: 5570560 - 5603327
  Layout:
    Data bitmap: 5242890 - 5242890
    Inode bitmap: 5242906 - 5242906
    Inode Table: 5248032 - 5248543
    Data Blocks: 5570560 - 5603327
  Free Inodes: 8192 (100%)
  Free Blocks: 32768 (100%)
  Total Directories: 0
  Stored Checksum: 0xDF6D

Group: 171:
  Block Group Flags: [INODE_UNINIT, INODE_ZEROED, ]
  Inode Range: 1400833 - 1409024
  Block Range: 5603328 - 5636095
  Layout:
    Data bitmap: 5242891 - 5242891
    Inode bitmap: 5242907 - 5242907
    Inode Table: 5248544 - 5249055
    Data Blocks: 5603328 - 5636095
  Free Inodes: 8192 (100%)
  Free Blocks: 32594 (99%)
  Total Directories: 0
  Stored Checksum: 0xD302

Group: 172:
  Block Group Flags: [INODE_UNINIT, INODE_ZEROED, ]
  Inode Range: 1409025 - 1417216
  Block Range: 5636096 - 5668863
  Layout:
    Data bitmap: 5242892 - 5242892
    Inode bitmap: 5242908 - 5242908
    Inode Table: 5249056 - 5249567
    Data Blocks: 5636096 - 5668863
  Free Inodes: 8192 (100%)
  Free Blocks: 31821 (97%)
  Total Directories: 0
  Stored Checksum: 0x202A

Group: 173:
  Block Group Flags: [INODE_UNINIT, INODE_ZEROED, ]
  Inode Range: 1417217 - 1425408
  Block Range: 5668864 - 5701631
  Layout:
    Data bitmap: 5242893 - 5242893
    Inode bitmap: 5242909 - 5242909
    Inode Table: 5249568 - 5250079
    Data Blocks: 5668864 - 5701631
  Free Inodes: 8192 (100%)
  Free Blocks: 32497 (99%)
  Total Directories: 0
  Stored Checksum: 0x6293

Group: 174:
  Block Group Flags: [INODE_UNINIT, INODE_ZEROED, ]
  Inode Range: 1425409 - 1433600
  Block Range: 5701632 - 5734399
  Layout:
    Data bitmap: 5242894 - 5242894
    Inode bitmap: 5242910 - 5242910
    Inode Table: 5250080 - 5250591
    Data Blocks: 5701632 - 5734399
  Free Inodes: 8192 (100%)
  Free Blocks: 32768 (100%)
  Total Directories: 0
  Stored Checksum: 0x4A23

Group: 175:
  Block Group Flags: [INODE_UNINIT, INODE_ZEROED, ]
  Inode Range: 1433601 - 1441792
  Block Range: 5734400 - 5767167
  Layout:
    Data bitmap: 5242895 - 5242895
    Inode bitmap: 5242911 - 5242911
    Inode Table: 5250592 - 5251103
    Data Blocks: 5734400 - 5767167
  Free Inodes: 8192 (100%)
  Free Blocks: 30476 (93%)
  Total Directories: 0
  Stored Checksum: 0x94F1

Group: 176:
  Block Group Flags: [INODE_ZEROED, ]
  Inode Range: 1441793 - 1449984
  Block Range: 5767168 - 5799935
  Layout:
    Data bitmap: 5767168 - 5767168
    Inode bitmap: 5767184 - 5767184
    Inode Table: 5767200 - 5767711
    Data Blocks: 5775392 - 5799935
  Free Inodes: 8178 (99%)
  Free Blocks: 24544 (74%)
  Total Directories: 7
  Stored Checksum: 0x8737

Group: 177:
  Block Group Flags: [INODE_ZEROED, ]
  Inode Range: 1449985 - 1458176
  Block Range: 5799936 - 5832703
  Layout:
    Data bitmap: 5767169 - 5767169
    Inode bitmap: 5767185 - 5767185
    Inode Table: 5767712 - 5768223
    Data Blocks: 5799936 - 5832703
  Free Inodes: 558 (6%)
  Free Blocks: 32032 (97%)
  Total Directories: 1933
  Stored Checksum: 0x9BC2

Group: 178:
  Block Group Flags: [INODE_ZEROED, ]
  Inode Range: 1458177 - 1466368
  Block Range: 5832704 - 5865471
  Layout:
    Data bitmap: 5767170 - 5767170
    Inode bitmap: 5767186 - 5767186
    Inode Table: 5768224 - 5768735
    Data Blocks: 5832704 - 5865471
  Free Inodes: 3744 (45%)
  Free Blocks: 32658 (99%)
  Total Directories: 1043
  Stored Checksum: 0x2107

Group: 179:
  Block Group Flags: [INODE_UNINIT, INODE_ZEROED, ]
  Inode Range: 1466369 - 1474560
  Block Range: 5865472 - 5898239
  Layout:
    Data bitmap: 5767171 - 5767171
    Inode bitmap: 5767187 - 5767187
    Inode Table: 5768736 - 5769247
    Data Blocks: 5865472 - 5898239
  Free Inodes: 8192 (100%)
  Free Blocks: 32622 (99%)
  Total Directories: 0
  Stored Checksum: 0xB421

Group: 180:
  Block Group Flags: [INODE_UNINIT, INODE_ZEROED, ]
  Inode Range: 1474561 - 1482752
  Block Range: 5898240 - 5931007
  Layout:
    Data bitmap: 5767172 - 5767172
    Inode bitmap: 5767188 - 5767188
    Inode Table: 5769248 - 5769759
    Data Blocks: 5898240 - 5931007
  Free Inodes: 8192 (100%)
  Free Blocks: 29849 (91%)
  Total Directories: 0
  Stored Checksum: 0x525C

Group: 181:
  Block Group Flags: [INODE_UNINIT, INODE_ZEROED, ]
  Inode Range: 1482753 - 1490944
  Block Range: 5931008 - 5963775
  Layout:
    Data bitmap: 5767173 - 5767173
    Inode bitmap: 5767189 - 5767189
    Inode Table: 5769760 - 5770271
    Data Blocks: 5931008 - 5963775
  Free Inodes: 8192 (100%)
  Free Blocks: 31976 (97%)
  Total Directories: 0
  Stored Checksum: 0x3298

Group: 182:
  Block Group Flags: [INODE_UNINIT, INODE_ZEROED, ]
  Inode Range: 1490945 - 1499136
  Block Range: 5963776 - 5996543
  Layout:
    Data bitmap: 5767174 - 5767174
    Inode bitmap: 5767190 - 5767190
    Inode Table: 5770272 - 5770783
    Data Blocks: 5963776 - 5996543
  Free Inodes: 8192 (100%)
  Free Blocks: 31423 (95%)
  Total Directories: 0
  Stored Checksum: 0x7765

Group: 183:
  Block Group Flags: [INODE_UNINIT, INODE_ZEROED, ]
  Inode Range: 1499137 - 1507328
  Block Range: 5996544 - 6029311
  Layout:
    Data bitmap: 5767175 - 5767175
    Inode bitmap: 5767191 - 5767191
    Inode Table: 5770784 - 5771295
    Data Blocks: 5996544 - 6029311
  Free Inodes: 8192 (100%)
  Free Blocks: 20986 (64%)
  Total Directories: 0
  Stored Checksum: 0xFDEB

Group: 184:
  Block Group Flags: [INODE_UNINIT, INODE_ZEROED, ]
  Inode Range: 1507329 - 1515520
  Block Range: 6029312 - 6062079
  Layout:
    Data bitmap: 5767176 - 5767176
    Inode bitmap: 5767192 - 5767192
    Inode Table: 5771296 - 5771807
    Data Blocks: 6029312 - 6062079
  Free Inodes: 8192 (100%)
  Free Blocks: 30521 (93%)
  Total Directories: 0
  Stored Checksum: 0xFB70

Group: 185:
  Block Group Flags: [INODE_UNINIT, INODE_ZEROED, ]
  Inode Range: 1515521 - 1523712
  Block Range: 6062080 - 6094847
  Layout:
    Data bitmap: 5767177 - 5767177
    Inode bitmap: 5767193 - 5767193
    Inode Table: 5771808 - 5772319
    Data Blocks: 6062080 - 6094847
  Free Inodes: 8192 (100%)
  Free Blocks: 30288 (92%)
  Total Directories: 0
  Stored Checksum: 0xCD21

Group: 186:
  Block Group Flags: [INODE_UNINIT, INODE_ZEROED, ]
  Inode Range: 1523713 - 1531904
  Block Range: 6094848 - 6127615
  Layout:
    Data bitmap: 5767178 - 5767178
    Inode bitmap: 5767194 - 5767194
    Inode Table: 5772320 - 5772831
    Data Blocks: 6094848 - 6127615
  Free Inodes: 8192 (100%)
  Free Blocks: 25839 (78%)
  Total Directories: 0
  Stored Checksum: 0xE0E7

Group: 187:
  Block Group Flags: [INODE_UNINIT, INODE_ZEROED, ]
  Inode Range: 1531905 - 1540096
  Block Range: 6127616 - 6160383
  Layout:
    Data bitmap: 5767179 - 5767179
    Inode bitmap: 5767195 - 5767195
    Inode Table: 5772832 - 5773343
    Data Blocks: 6127616 - 6160383
  Free Inodes: 8192 (100%)
  Free Blocks: 23686 (72%)
  Total Directories: 0
  Stored Checksum: 0xC634

Group: 188:
  Block Group Flags: [INODE_UNINIT, INODE_ZEROED, ]
  Inode Range: 1540097 - 1548288
  Block Range: 6160384 - 6193151
  Layout:
    Data bitmap: 5767180 - 5767180
    Inode bitmap: 5767196 - 5767196
    Inode Table: 5773344 - 5773855
    Data Blocks: 6160384 - 6193151
  Free Inodes: 8192 (100%)
  Free Blocks: 25984 (79%)
  Total Directories: 0
  Stored Checksum: 0xF745

Group: 189:
  Block Group Flags: [INODE_UNINIT, INODE_ZEROED, ]
  Inode Range: 1548289 - 1556480
  Block Range: 6193152 - 6225919
  Layout:
    Data bitmap: 5767181 - 5767181
    Inode bitmap: 5767197 - 5767197
    Inode Table: 5773856 - 5774367
    Data Blocks: 6193152 - 6225919
  Free Inodes: 8192 (100%)
  Free Blocks: 32047 (97%)
  Total Directories: 0
  Stored Checksum: 0x2909

Group: 190:
  Block Group Flags: [INODE_UNINIT, INODE_ZEROED, ]
  Inode Range: 1556481 - 1564672
  Block Range: 6225920 - 6258687
  Layout:
    Data bitmap: 5767182 - 5767182
    Inode bitmap: 5767198 - 5767198
    Inode Table: 5774368 - 5774879
    Data Blocks: 6225920 - 6258687
  Free Inodes: 8192 (100%)
  Free Blocks: 32527 (99%)
  Total Directories: 0
  Stored Checksum: 0x8D9D

Group: 191:
  Block Group Flags: [INODE_UNINIT, INODE_ZEROED, ]
  Inode Range: 1564673 - 1572864
  Block Range: 6258688 - 6291455
  Layout:
    Data bitmap: 5767183 - 5767183
    Inode bitmap: 5767199 - 5767199
    Inode Table: 5774880 - 5775391
    Data Blocks: 6258688 - 6291455
  Free Inodes: 8192 (100%)
  Free Blocks: 28808 (87%)
  Total Directories: 0
  Stored Checksum: 0x2649

Group: 192:
  Block Group Flags: [INODE_ZEROED, ]
  Inode Range: 1572865 - 1581056
  Block Range: 6291456 - 6324223
  Layout:
    Data bitmap: 6291456 - 6291456
    Inode bitmap: 6291472 - 6291472
    Inode Table: 6291488 - 6291999
    Data Blocks: 6299680 - 6324223
  Free Inodes: 8192 (100%)
  Free Blocks: 23557 (71%)
  Total Directories: 0
  Stored Checksum: 0xEA22

Group: 193:
  Block Group Flags: [INODE_ZEROED, ]
  Inode Range: 1581057 - 1589248
  Block Range: 6324224 - 6356991
  Layout:
    Data bitmap: 6291457 - 6291457
    Inode bitmap: 6291473 - 6291473
    Inode Table: 6292000 - 6292511
    Data Blocks: 6324224 - 6356991
  Free Inodes: 8192 (100%)
  Free Blocks: 31959 (97%)
  Total Directories: 0
  Stored Checksum: 0xC026

Group: 194:
  Block Group Flags: [INODE_UNINIT, INODE_ZEROED, ]
  Inode Range: 1589249 - 1597440
  Block Range: 6356992 - 6389759
  Layout:
    Data bitmap: 6291458 - 6291458
    Inode bitmap: 6291474 - 6291474
    Inode Table: 6292512 - 6293023
    Data Blocks: 6356992 - 6389759
  Free Inodes: 8192 (100%)
  Free Blocks: 32766 (99%)
  Total Directories: 0
  Stored Checksum: 0x4DF4

Group: 195:
  Block Group Flags: [INODE_UNINIT, INODE_ZEROED, ]
  Inode Range: 1597441 - 1605632
  Block Range: 6389760 - 6422527
  Layout:
    Data bitmap: 6291459 - 6291459
    Inode bitmap: 6291475 - 6291475
    Inode Table: 6293024 - 6293535
    Data Blocks: 6389760 - 6422527
  Free Inodes: 8192 (100%)
  Free Blocks: 32720 (99%)
  Total Directories: 0
  Stored Checksum: 0x341B

Group: 196:
  Block Group Flags: [INODE_UNINIT, INODE_ZEROED, ]
  Inode Range: 1605633 - 1613824
  Block Range: 6422528 - 6455295
  Layout:
    Data bitmap: 6291460 - 6291460
    Inode bitmap: 6291476 - 6291476
    Inode Table: 6293536 - 6294047
    Data Blocks: 6422528 - 6455295
  Free Inodes: 8192 (100%)
  Free Blocks: 31976 (97%)
  Total Directories: 0
  Stored Checksum: 0x5E58

Group: 197:
  Block Group Flags: [INODE_UNINIT, INODE_ZEROED, ]
  Inode Range: 1613825 - 1622016
  Block Range: 6455296 - 6488063
  Layout:
    Data bitmap: 6291461 - 6291461
    Inode bitmap: 6291477 - 6291477
    Inode Table: 6294048 - 6294559
    Data Blocks: 6455296 - 6488063
  Free Inodes: 8192 (100%)
  Free Blocks: 31785 (97%)
  Total Directories: 0
  Stored Checksum: 0x9B52

Group: 198:
  Block Group Flags: [INODE_UNINIT, INODE_ZEROED, ]
  Inode Range: 1622017 - 1630208
  Block Range: 6488064 - 6520831
  Layout:
    Data bitmap: 6291462 - 6291462
    Inode bitmap: 6291478 - 6291478
    Inode Table: 6294560 - 6295071
    Data Blocks: 6488064 - 6520831
  Free Inodes: 8192 (100%)
  Free Blocks: 31669 (96%)
  Total Directories: 0
  Stored Checksum: 0x39D7

Group: 199:
  Block Group Flags: [INODE_UNINIT, INODE_ZEROED, ]
  Inode Range: 1630209 - 1638400
  Block Range: 6520832 - 6553599
  Layout:
    Data bitmap: 6291463 - 6291463
    Inode bitmap: 6291479 - 6291479
    Inode Table: 6295072 - 6295583
    Data Blocks: 6520832 - 6553599
  Free Inodes: 8192 (100%)
  Free Blocks: 32221 (98%)
  Total Directories: 0
  Stored Checksum: 0xB49F

Group: 200:
  Block Group Flags: [INODE_UNINIT, INODE_ZEROED, ]
  Inode Range: 1638401 - 1646592
  Block Range: 6553600 - 6586367
  Layout:
    Data bitmap: 6291464 - 6291464
    Inode bitmap: 6291480 - 6291480
    Inode Table: 6295584 - 6296095
    Data Blocks: 6553600 - 6586367
  Free Inodes: 8192 (100%)
  Free Blocks: 32008 (97%)
  Total Directories: 0
  Stored Checksum: 0x91FC

Group: 201:
  Block Group Flags: [INODE_UNINIT, INODE_ZEROED, ]
  Inode Range: 1646593 - 1654784
  Block Range: 6586368 - 6619135
  Layout:
    Data bitmap: 6291465 - 6291465
    Inode bitmap: 6291481 - 6291481
    Inode Table: 6296096 - 6296607
    Data Blocks: 6586368 - 6619135
  Free Inodes: 8192 (100%)
  Free Blocks: 31436 (95%)
  Total Directories: 0
  Stored Checksum: 0xA09D

Group: 202:
  Block Group Flags: [INODE_UNINIT, INODE_ZEROED, ]
  Inode Range: 1654785 - 1662976
  Block Range: 6619136 - 6651903
  Layout:
    Data bitmap: 6291466 - 6291466
    Inode bitmap: 6291482 - 6291482
    Inode Table: 6296608 - 6297119
    Data Blocks: 6619136 - 6651903
  Free Inodes: 8192 (100%)
  Free Blocks: 32444 (99%)
  Total Directories: 0
  Stored Checksum: 0xD942

Group: 203:
  Block Group Flags: [INODE_UNINIT, INODE_ZEROED, ]
  Inode Range: 1662977 - 1671168
  Block Range: 6651904 - 6684671
  Layout:
    Data bitmap: 6291467 - 6291467
    Inode bitmap: 6291483 - 6291483
    Inode Table: 6297120 - 6297631
    Data Blocks: 6651904 - 6684671
  Free Inodes: 8192 (100%)
  Free Blocks: 32210 (98%)
  Total Directories: 0
  Stored Checksum: 0x885C

Group: 204:
  Block Group Flags: [INODE_UNINIT, INODE_ZEROED, ]
  Inode Range: 1671169 - 1679360
  Block Range: 6684672 - 6717439
  Layout:
    Data bitmap: 6291468 - 6291468
    Inode bitmap: 6291484 - 6291484
    Inode Table: 6297632 - 6298143
    Data Blocks: 6684672 - 6717439
  Free Inodes: 8192 (100%)
  Free Blocks: 32388 (98%)
  Total Directories: 0
  Stored Checksum: 0x8EBA

Group: 205:
  Block Group Flags: [INODE_UNINIT, INODE_ZEROED, ]
  Inode Range: 1679361 - 1687552
  Block Range: 6717440 - 6750207
  Layout:
    Data bitmap: 6291469 - 6291469
    Inode bitmap: 6291485 - 6291485
    Inode Table: 6298144 - 6298655
    Data Blocks: 6717440 - 6750207
  Free Inodes: 8192 (100%)
  Free Blocks: 32588 (99%)
  Total Directories: 0
  Stored Checksum: 0x1620

Group: 206:
  Block Group Flags: [INODE_UNINIT, INODE_ZEROED, ]
  Inode Range: 1687553 - 1695744
  Block Range: 6750208 - 6782975
  Layout:
    Data bitmap: 6291470 - 6291470
    Inode bitmap: 6291486 - 6291486
    Inode Table: 6298656 - 6299167
    Data Blocks: 6750208 - 6782975
  Free Inodes: 8192 (100%)
  Free Blocks: 31425 (95%)
  Total Directories: 0
  Stored Checksum: 0x31E2

Group: 207:
  Block Group Flags: [INODE_UNINIT, INODE_ZEROED, ]
  Inode Range: 1695745 - 1703936
  Block Range: 6782976 - 6815743
  Layout:
    Data bitmap: 6291471 - 6291471
    Inode bitmap: 6291487 - 6291487
    Inode Table: 6299168 - 6299679
    Data Blocks: 6782976 - 6815743
  Free Inodes: 8192 (100%)
  Free Blocks: 32768 (100%)
  Total Directories: 0
  Stored Checksum: 0x3311

Group: 208:
  Block Group Flags: [INODE_UNINIT, INODE_ZEROED, ]
  Inode Range: 1703937 - 1712128
  Block Range: 6815744 - 6848511
  Layout:
    Data bitmap: 6815744 - 6815744
    Inode bitmap: 6815760 - 6815760
    Inode Table: 6815776 - 6816287
    Data Blocks: 6823968 - 6848511
  Free Inodes: 8192 (100%)
  Free Blocks: 24088 (73%)
  Total Directories: 0
  Stored Checksum: 0x80C0

Group: 209:
  Block Group Flags: [INODE_UNINIT, INODE_ZEROED, ]
  Inode Range: 1712129 - 1720320
  Block Range: 6848512 - 6881279
  Layout:
    Data bitmap: 6815745 - 6815745
    Inode bitmap: 6815761 - 6815761
    Inode Table: 6816288 - 6816799
    Data Blocks: 6848512 - 6881279
  Free Inodes: 8192 (100%)
  Free Blocks: 32344 (98%)
  Total Directories: 0
  Stored Checksum: 0xDD99

Group: 210:
  Block Group Flags: [INODE_UNINIT, INODE_ZEROED, ]
  Inode Range: 1720321 - 1728512
  Block Range: 6881280 - 6914047
  Layout:
    Data bitmap: 6815746 - 6815746
    Inode bitmap: 6815762 - 6815762
    Inode Table: 6816800 - 6817311
    Data Blocks: 6881280 - 6914047
  Free Inodes: 8192 (100%)
  Free Blocks: 32330 (98%)
  Total Directories: 0
  Stored Checksum: 0x25F9

Group: 211:
  Block Group Flags: [INODE_UNINIT, INODE_ZEROED, ]
  Inode Range: 1728513 - 1736704
  Block Range: 6914048 - 6946815
  Layout:
    Data bitmap: 6815747 - 6815747
    Inode bitmap: 6815763 - 6815763
    Inode Table: 6817312 - 6817823
    Data Blocks: 6914048 - 6946815
  Free Inodes: 8192 (100%)
  Free Blocks: 31327 (95%)
  Total Directories: 0
  Stored Checksum: 0xEAA8

Group: 212:
  Block Group Flags: [INODE_UNINIT, INODE_ZEROED, ]
  Inode Range: 1736705 - 1744896
  Block Range: 6946816 - 6979583
  Layout:
    Data bitmap: 6815748 - 6815748
    Inode bitmap: 6815764 - 6815764
    Inode Table: 6817824 - 6818335
    Data Blocks: 6946816 - 6979583
  Free Inodes: 8192 (100%)
  Free Blocks: 32467 (99%)
  Total Directories: 0
  Stored Checksum: 0x4CF8

Group: 213:
  Block Group Flags: [INODE_UNINIT, INODE_ZEROED, ]
  Inode Range: 1744897 - 1753088
  Block Range: 6979584 - 7012351
  Layout:
    Data bitmap: 6815749 - 6815749
    Inode bitmap: 6815765 - 6815765
    Inode Table: 6818336 - 6818847
    Data Blocks: 6979584 - 7012351
  Free Inodes: 8192 (100%)
  Free Blocks: 30940 (94%)
  Total Directories: 0
  Stored Checksum: 0x6206

Group: 214:
  Block Group Flags: [INODE_UNINIT, INODE_ZEROED, ]
  Inode Range: 1753089 - 1761280
  Block Range: 7012352 - 7045119
  Layout:
    Data bitmap: 6815750 - 6815750
    Inode bitmap: 6815766 - 6815766
    Inode Table: 6818848 - 6819359
    Data Blocks: 7012352 - 7045119
  Free Inodes: 8192 (100%)
  Free Blocks: 30581 (93%)
  Total Directories: 0
  Stored Checksum: 0x0CA8

Group: 215:
  Block Group Flags: [INODE_UNINIT, INODE_ZEROED, ]
  Inode Range: 1761281 - 1769472
  Block Range: 7045120 - 7077887
  Layout:
    Data bitmap: 6815751 - 6815751
    Inode bitmap: 6815767 - 6815767
    Inode Table: 6819360 - 6819871
    Data Blocks: 7045120 - 7077887
  Free Inodes: 8192 (100%)
  Free Blocks: 32178 (98%)
  Total Directories: 0
  Stored Checksum: 0x6041

Group: 216:
  Block Group Flags: [INODE_UNINIT, INODE_ZEROED, ]
  Inode Range: 1769473 - 1777664
  Block Range: 7077888 - 7110655
  Layout:
    Data bitmap: 6815752 - 6815752
    Inode bitmap: 6815768 - 6815768
    Inode Table: 6819872 - 6820383
    Data Blocks: 7077888 - 7110655
  Free Inodes: 8192 (100%)
  Free Blocks: 30701 (93%)
  Total Directories: 0
  Stored Checksum: 0xF621

Group: 217:
  Block Group Flags: [INODE_UNINIT, INODE_ZEROED, ]
  Inode Range: 1777665 - 1785856
  Block Range: 7110656 - 7143423
  Layout:
    Data bitmap: 6815753 - 6815753
    Inode bitmap: 6815769 - 6815769
    Inode Table: 6820384 - 6820895
    Data Blocks: 7110656 - 7143423
  Free Inodes: 8192 (100%)
  Free Blocks: 31948 (97%)
  Total Directories: 0
  Stored Checksum: 0x0631

Group: 218:
  Block Group Flags: [INODE_UNINIT, INODE_ZEROED, ]
  Inode Range: 1785857 - 1794048
  Block Range: 7143424 - 7176191
  Layout:
    Data bitmap: 6815754 - 6815754
    Inode bitmap: 6815770 - 6815770
    Inode Table: 6820896 - 6821407
    Data Blocks: 7143424 - 7176191
  Free Inodes: 8192 (100%)
  Free Blocks: 26612 (81%)
  Total Directories: 0
  Stored Checksum: 0x7938

Group: 219:
  Block Group Flags: [INODE_UNINIT, INODE_ZEROED, ]
  Inode Range: 1794049 - 1802240
  Block Range: 7176192 - 7208959
  Layout:
    Data bitmap: 6815755 - 6815755
    Inode bitmap: 6815771 - 6815771
    Inode Table: 6821408 - 6821919
    Data Blocks: 7176192 - 7208959
  Free Inodes: 8192 (100%)
  Free Blocks: 3175 (9%)
  Total Directories: 0
  Stored Checksum: 0x0BD1

Group: 220:
  Block Group Flags: [INODE_UNINIT, INODE_ZEROED, ]
  Inode Range: 1802241 - 1810432
  Block Range: 7208960 - 7241727
  Layout:
    Data bitmap: 6815756 - 6815756
    Inode bitmap: 6815772 - 6815772
    Inode Table: 6821920 - 6822431
    Data Blocks: 7208960 - 7241727
  Free Inodes: 8192 (100%)
  Free Blocks: 30293 (92%)
  Total Directories: 0
  Stored Checksum: 0x8DC1

Group: 221:
  Block Group Flags: [INODE_UNINIT, INODE_ZEROED, ]
  Inode Range: 1810433 - 1818624
  Block Range: 7241728 - 7274495
  Layout:
    Data bitmap: 6815757 - 6815757
    Inode bitmap: 6815773 - 6815773
    Inode Table: 6822432 - 6822943
    Data Blocks: 7241728 - 7274495
  Free Inodes: 8192 (100%)
  Free Blocks: 32768 (100%)
  Total Directories: 0
  Stored Checksum: 0xFE1A

Group: 222:
  Block Group Flags: [INODE_UNINIT, INODE_ZEROED, ]
  Inode Range: 1818625 - 1826816
  Block Range: 7274496 - 7307263
  Layout:
    Data bitmap: 6815758 - 6815758
    Inode bitmap: 6815774 - 6815774
    Inode Table: 6822944 - 6823455
    Data Blocks: 7274496 - 7307263
  Free Inodes: 8192 (100%)
  Free Blocks: 32617 (99%)
  Total Directories: 0
  Stored Checksum: 0x7B97

Group: 223:
  Block Group Flags: [INODE_UNINIT, INODE_ZEROED, ]
  Inode Range: 1826817 - 1835008
  Block Range: 7307264 - 7340031
  Layout:
    Data bitmap: 6815759 - 6815759
    Inode bitmap: 6815775 - 6815775
    Inode Table: 6823456 - 6823967
    Data Blocks: 7307264 - 7340031
  Free Inodes: 8192 (100%)
  Free Blocks: 31912 (97%)
  Total Directories: 0
  Stored Checksum: 0xE1E2

Group: 224:
  Block Group Flags: [INODE_ZEROED, ]
  Inode Range: 1835009 - 1843200
  Block Range: 7340032 - 7372799
  Layout:
    Data bitmap: 7340032 - 7340032
    Inode bitmap: 7340048 - 7340048
    Inode Table: 7340064 - 7340575
    Data Blocks: 7348256 - 7372799
  Free Inodes: 8192 (100%)
  Free Blocks: 20165 (61%)
  Total Directories: 0
  Stored Checksum: 0xF70E

Group: 225:
  Block Group Flags: [INODE_UNINIT, INODE_ZEROED, ]
  Inode Range: 1843201 - 1851392
  Block Range: 7372800 - 7405567
  Layout:
    Data bitmap: 7340033 - 7340033
    Inode bitmap: 7340049 - 7340049
    Inode Table: 7340576 - 7341087
    Data Blocks: 7372800 - 7405567
  Free Inodes: 8192 (100%)
  Free Blocks: 32768 (100%)
  Total Directories: 0
  Stored Checksum: 0xBFCD

Group: 226:
  Block Group Flags: [INODE_UNINIT, INODE_ZEROED, ]
  Inode Range: 1851393 - 1859584
  Block Range: 7405568 - 7438335
  Layout:
    Data bitmap: 7340034 - 7340034
    Inode bitmap: 7340050 - 7340050
    Inode Table: 7341088 - 7341599
    Data Blocks: 7405568 - 7438335
  Free Inodes: 8192 (100%)
  Free Blocks: 31626 (96%)
  Total Directories: 0
  Stored Checksum: 0x9CAF

Group: 227:
  Block Group Flags: [INODE_UNINIT, INODE_ZEROED, ]
  Inode Range: 1859585 - 1867776
  Block Range: 7438336 - 7471103
  Layout:
    Data bitmap: 7340035 - 7340035
    Inode bitmap: 7340051 - 7340051
    Inode Table: 7341600 - 7342111
    Data Blocks: 7438336 - 7471103
  Free Inodes: 8192 (100%)
  Free Blocks: 29380 (89%)
  Total Directories: 0
  Stored Checksum: 0xFA53

Group: 228:
  Block Group Flags: [INODE_UNINIT, INODE_ZEROED, ]
  Inode Range: 1867777 - 1875968
  Block Range: 7471104 - 7503871
  Layout:
    Data bitmap: 7340036 - 7340036
    Inode bitmap: 7340052 - 7340052
    Inode Table: 7342112 - 7342623
    Data Blocks: 7471104 - 7503871
  Free Inodes: 8192 (100%)
  Free Blocks: 28217 (86%)
  Total Directories: 0
  Stored Checksum: 0x65CD

Group: 229:
  Block Group Flags: [INODE_UNINIT, INODE_ZEROED, ]
  Inode Range: 1875969 - 1884160
  Block Range: 7503872 - 7536639
  Layout:
    Data bitmap: 7340037 - 7340037
    Inode bitmap: 7340053 - 7340053
    Inode Table: 7342624 - 7343135
    Data Blocks: 7503872 - 7536639
  Free Inodes: 8192 (100%)
  Free Blocks: 32645 (99%)
  Total Directories: 0
  Stored Checksum: 0x0B5F

Group: 230:
  Block Group Flags: [INODE_UNINIT, INODE_ZEROED, ]
  Inode Range: 1884161 - 1892352
  Block Range: 7536640 - 7569407
  Layout:
    Data bitmap: 7340038 - 7340038
    Inode bitmap: 7340054 - 7340054
    Inode Table: 7343136 - 7343647
    Data Blocks: 7536640 - 7569407
  Free Inodes: 8192 (100%)
  Free Blocks: 32490 (99%)
  Total Directories: 0
  Stored Checksum: 0xAD2A

Group: 231:
  Block Group Flags: [INODE_UNINIT, INODE_ZEROED, ]
  Inode Range: 1892353 - 1900544
  Block Range: 7569408 - 7602175
  Layout:
    Data bitmap: 7340039 - 7340039
    Inode bitmap: 7340055 - 7340055
    Inode Table: 7343648 - 7344159
    Data Blocks: 7569408 - 7602175
  Free Inodes: 8192 (100%)
  Free Blocks: 32768 (100%)
  Total Directories: 0
  Stored Checksum: 0x6024

Group: 232:
  Block Group Flags: [INODE_UNINIT, INODE_ZEROED, ]
  Inode Range: 1900545 - 1908736
  Block Range: 7602176 - 7634943
  Layout:
    Data bitmap: 7340040 - 7340040
    Inode bitmap: 7340056 - 7340056
    Inode Table: 7344160 - 7344671
    Data Blocks: 7602176 - 7634943
  Free Inodes: 8192 (100%)
  Free Blocks: 30635 (93%)
  Total Directories: 0
  Stored Checksum: 0xCC61

Group: 233:
  Block Group Flags: [INODE_UNINIT, INODE_ZEROED, ]
  Inode Range: 1908737 - 1916928
  Block Range: 7634944 - 7667711
  Layout:
    Data bitmap: 7340041 - 7340041
    Inode bitmap: 7340057 - 7340057
    Inode Table: 7344672 - 7345183
    Data Blocks: 7634944 - 7667711
  Free Inodes: 8192 (100%)
  Free Blocks: 26083 (79%)
  Total Directories: 0
  Stored Checksum: 0xF7CE

Group: 234:
  Block Group Flags: [INODE_UNINIT, INODE_ZEROED, ]
  Inode Range: 1916929 - 1925120
  Block Range: 7667712 - 7700479
  Layout:
    Data bitmap: 7340042 - 7340042
    Inode bitmap: 7340058 - 7340058
    Inode Table: 7345184 - 7345695
    Data Blocks: 7667712 - 7700479
  Free Inodes: 8192 (100%)
  Free Blocks: 20775 (63%)
  Total Directories: 0
  Stored Checksum: 0x5030

Group: 235:
  Block Group Flags: [INODE_UNINIT, INODE_ZEROED, ]
  Inode Range: 1925121 - 1933312
  Block Range: 7700480 - 7733247
  Layout:
    Data bitmap: 7340043 - 7340043
    Inode bitmap: 7340059 - 7340059
    Inode Table: 7345696 - 7346207
    Data Blocks: 7700480 - 7733247
  Free Inodes: 8192 (100%)
  Free Blocks: 4517 (13%)
  Total Directories: 0
  Stored Checksum: 0x8649

Group: 236:
  Block Group Flags: [INODE_UNINIT, INODE_ZEROED, ]
  Inode Range: 1933313 - 1941504
  Block Range: 7733248 - 7766015
  Layout:
    Data bitmap: 7340044 - 7340044
    Inode bitmap: 7340060 - 7340060
    Inode Table: 7346208 - 7346719
    Data Blocks: 7733248 - 7766015
  Free Inodes: 8192 (100%)
  Free Blocks: 3880 (11%)
  Total Directories: 0
  Stored Checksum: 0x7916

Group: 237:
  Block Group Flags: [INODE_UNINIT, INODE_ZEROED, ]
  Inode Range: 1941505 - 1949696
  Block Range: 7766016 - 7798783
  Layout:
    Data bitmap: 7340045 - 7340045
    Inode bitmap: 7340061 - 7340061
    Inode Table: 7346720 - 7347231
    Data Blocks: 7766016 - 7798783
  Free Inodes: 8192 (100%)
  Free Blocks: 16020 (48%)
  Total Directories: 0
  Stored Checksum: 0x403C

Group: 238:
  Block Group Flags: [INODE_UNINIT, INODE_ZEROED, ]
  Inode Range: 1949697 - 1957888
  Block Range: 7798784 - 7831551
  Layout:
    Data bitmap: 7340046 - 7340046
    Inode bitmap: 7340062 - 7340062
    Inode Table: 7347232 - 7347743
    Data Blocks: 7798784 - 7831551
  Free Inodes: 8192 (100%)
  Free Blocks: 16795 (51%)
  Total Directories: 0
  Stored Checksum: 0xDBDD

Group: 239:
  Block Group Flags: [INODE_UNINIT, INODE_ZEROED, ]
  Inode Range: 1957889 - 1966080
  Block Range: 7831552 - 7864319
  Layout:
    Data bitmap: 7340047 - 7340047
    Inode bitmap: 7340063 - 7340063
    Inode Table: 7347744 - 7348255
    Data Blocks: 7831552 - 7864319
  Free Inodes: 8192 (100%)
  Free Blocks: 3109 (9%)
  Total Directories: 0
  Stored Checksum: 0x2196

Group: 240:
  Block Group Flags: [INODE_UNINIT, INODE_ZEROED, ]
  Inode Range: 1966081 - 1974272
  Block Range: 7864320 - 7897087
  Layout:
    Data bitmap: 7864320 - 7864320
    Inode bitmap: 7864336 - 7864336
    Inode Table: 7864352 - 7864863
    Data Blocks: 7872544 - 7897087
  Free Inodes: 8192 (100%)
  Free Blocks: 22953 (70%)
  Total Directories: 0
  Stored Checksum: 0xDE6A

Group: 241:
  Block Group Flags: [INODE_UNINIT, INODE_ZEROED, ]
  Inode Range: 1974273 - 1982464
  Block Range: 7897088 - 7929855
  Layout:
    Data bitmap: 7864321 - 7864321
    Inode bitmap: 7864337 - 7864337
    Inode Table: 7864864 - 7865375
    Data Blocks: 7897088 - 7929855
  Free Inodes: 8192 (100%)
  Free Blocks: 252 (0%)
  Total Directories: 0
  Stored Checksum: 0x648B

Group: 242:
  Block Group Flags: [INODE_UNINIT, INODE_ZEROED, ]
  Inode Range: 1982465 - 1990656
  Block Range: 7929856 - 7962623
  Layout:
    Data bitmap: 7864322 - 7864322
    Inode bitmap: 7864338 - 7864338
    Inode Table: 7865376 - 7865887
    Data Blocks: 7929856 - 7962623
  Free Inodes: 8192 (100%)
  Free Blocks: 480 (1%)
  Total Directories: 0
  Stored Checksum: 0xFC87

Group: 243:
  Block Group Flags: [INODE_UNINIT, INODE_ZEROED, ]
  Inode Range: 1990657 - 1998848
  Block Range: 7962624 - 7995391
  Layout:
    Super Block: 7962624 - 7962624
    Group Descriptor Table: 7962625 - 7962740
    Group Descriptor Growth Blocks: 7962741 - 7963764
    Data bitmap: 7864323 - 7864323
    Inode bitmap: 7864339 - 7864339
    Inode Table: 7865888 - 7866399
    Data Blocks: 7963765 - 7995391
  Free Inodes: 8192 (100%)
  Free Blocks: 395 (1%)
  Total Directories: 0
  Stored Checksum: 0x7326

Group: 244:
  Block Group Flags: [INODE_UNINIT, INODE_ZEROED, ]
  Inode Range: 1998849 - 2007040
  Block Range: 7995392 - 8028159
  Layout:
    Data bitmap: 7864324 - 7864324
    Inode bitmap: 7864340 - 7864340
    Inode Table: 7866400 - 7866911
    Data Blocks: 7995392 - 8028159
  Free Inodes: 8192 (100%)
  Free Blocks: 0 (0%)
  Total Directories: 0
  Stored Checksum: 0xD60C

Group: 245:
  Block Group Flags: [INODE_UNINIT, INODE_ZEROED, ]
  Inode Range: 2007041 - 2015232
  Block Range: 8028160 - 8060927
  Layout:
    Data bitmap: 7864325 - 7864325
    Inode bitmap: 7864341 - 7864341
    Inode Table: 7866912 - 7867423
    Data Blocks: 8028160 - 8060927
  Free Inodes: 8192 (100%)
  Free Blocks: 0 (0%)
  Total Directories: 0
  Stored Checksum: 0xC827

Group: 246:
  Block Group Flags: [INODE_UNINIT, INODE_ZEROED, ]
  Inode Range: 2015233 - 2023424
  Block Range: 8060928 - 8093695
  Layout:
    Data bitmap: 7864326 - 7864326
    Inode bitmap: 7864342 - 7864342
    Inode Table: 7867424 - 7867935
    Data Blocks: 8060928 - 8093695
  Free Inodes: 8192 (100%)
  Free Blocks: 0 (0%)
  Total Directories: 0
  Stored Checksum: 0x9CAB

Group: 247:
  Block Group Flags: [INODE_UNINIT, INODE_ZEROED, ]
  Inode Range: 2023425 - 2031616
  Block Range: 8093696 - 8126463
  Layout:
    Data bitmap: 7864327 - 7864327
    Inode bitmap: 7864343 - 7864343
    Inode Table: 7867936 - 7868447
    Data Blocks: 8093696 - 8126463
  Free Inodes: 8192 (100%)
  Free Blocks: 0 (0%)
  Total Directories: 0
  Stored Checksum: 0x8280

Group: 248:
  Block Group Flags: [INODE_UNINIT, INODE_ZEROED, ]
  Inode Range: 2031617 - 2039808
  Block Range: 8126464 - 8159231
  Layout:
    Data bitmap: 7864328 - 7864328
    Inode bitmap: 7864344 - 7864344
    Inode Table: 7868448 - 7868959
    Data Blocks: 8126464 - 8159231
  Free Inodes: 8192 (100%)
  Free Blocks: 0 (0%)
  Total Directories: 0
  Stored Checksum: 0x1F2F

Group: 249:
  Block Group Flags: [INODE_UNINIT, INODE_ZEROED, ]
  Inode Range: 2039809 - 2048000
  Block Range: 8159232 - 8191999
  Layout:
    Data bitmap: 7864329 - 7864329
    Inode bitmap: 7864345 - 7864345
    Inode Table: 7868960 - 7869471
    Data Blocks: 8159232 - 8191999
  Free Inodes: 8192 (100%)
  Free Blocks: 0 (0%)
  Total Directories: 0
  Stored Checksum: 0x0104

Group: 250:
  Block Group Flags: [INODE_UNINIT, INODE_ZEROED, ]
  Inode Range: 2048001 - 2056192
  Block Range: 8192000 - 8224767
  Layout:
    Data bitmap: 7864330 - 7864330
    Inode bitmap: 7864346 - 7864346
    Inode Table: 7869472 - 7869983
    Data Blocks: 8192000 - 8224767
  Free Inodes: 8192 (100%)
  Free Blocks: 0 (0%)
  Total Directories: 0
  Stored Checksum: 0x5588

Group: 251:
  Block Group Flags: [INODE_UNINIT, INODE_ZEROED, ]
  Inode Range: 2056193 - 2064384
  Block Range: 8224768 - 8257535
  Layout:
    Data bitmap: 7864331 - 7864331
    Inode bitmap: 7864347 - 7864347
    Inode Table: 7869984 - 7870495
    Data Blocks: 8224768 - 8257535
  Free Inodes: 8192 (100%)
  Free Blocks: 0 (0%)
  Total Directories: 0
  Stored Checksum: 0x4BA3

Group: 252:
  Block Group Flags: [INODE_UNINIT, INODE_ZEROED, ]
  Inode Range: 2064385 - 2072576
  Block Range: 8257536 - 8290303
  Layout:
    Data bitmap: 7864332 - 7864332
    Inode bitmap: 7864348 - 7864348
    Inode Table: 7870496 - 7871007
    Data Blocks: 8257536 - 8290303
  Free Inodes: 8192 (100%)
  Free Blocks: 16384 (50%)
  Total Directories: 0
  Stored Checksum: 0x81F7

Group: 253:
  Block Group Flags: [INODE_UNINIT, INODE_ZEROED, ]
  Inode Range: 2072577 - 2080768
  Block Range: 8290304 - 8323071
  Layout:
    Data bitmap: 7864333 - 7864333
    Inode bitmap: 7864349 - 7864349
    Inode Table: 7871008 - 7871519
    Data Blocks: 8290304 - 8323071
  Free Inodes: 8192 (100%)
  Free Blocks: 26203 (79%)
  Total Directories: 0
  Stored Checksum: 0x9F7D

Group: 254:
  Block Group Flags: [INODE_UNINIT, INODE_ZEROED, ]
  Inode Range: 2080769 - 2088960
  Block Range: 8323072 - 8355839
  Layout:
    Data bitmap: 7864334 - 7864334
    Inode bitmap: 7864350 - 7864350
    Inode Table: 7871520 - 7872031
    Data Blocks: 8323072 - 8355839
  Free Inodes: 8192 (100%)
  Free Blocks: 14361 (43%)
  Total Directories: 0
  Stored Checksum: 0xD29B

Group: 255:
  Block Group Flags: [INODE_UNINIT, INODE_ZEROED, ]
  Inode Range: 2088961 - 2097152
  Block Range: 8355840 - 8388607
  Layout:
    Data bitmap: 7864335 - 7864335
    Inode bitmap: 7864351 - 7864351
    Inode Table: 7872032 - 7872543
    Data Blocks: 8355840 - 8388607
  Free Inodes: 8192 (100%)
  Free Blocks: 0 (0%)
  Total Directories: 0
  Stored Checksum: 0xDEED

Group: 256:
  Block Group Flags: [INODE_ZEROED, ]
